Component: ARM Compiler 5.06 update 6 (build 750) Tool: armlink [4d35ed]

==============================================================================

Section Cross References

    startup_stm32g431xx.o(STACK) refers (Special) to heapauxi.o(.text) for __use_two_region_memory
    startup_stm32g431xx.o(HEAP) refers (Special) to heapauxi.o(.text) for __use_two_region_memory
    startup_stm32g431xx.o(RESET) refers (Special) to heapauxi.o(.text) for __use_two_region_memory
    startup_stm32g431xx.o(RESET) refers to startup_stm32g431xx.o(STACK) for __initial_sp
    startup_stm32g431xx.o(RESET) refers to startup_stm32g431xx.o(.text) for Reset_Handler
    startup_stm32g431xx.o(RESET) refers to stm32g4xx_it.o(i.NMI_Handler) for NMI_Handler
    startup_stm32g431xx.o(RESET) refers to stm32g4xx_it.o(i.HardFault_Handler) for HardFault_Handler
    startup_stm32g431xx.o(RESET) refers to stm32g4xx_it.o(i.MemManage_Handler) for MemManage_Handler
    startup_stm32g431xx.o(RESET) refers to stm32g4xx_it.o(i.BusFault_Handler) for BusFault_Handler
    startup_stm32g431xx.o(RESET) refers to stm32g4xx_it.o(i.UsageFault_Handler) for UsageFault_Handler
    startup_stm32g431xx.o(RESET) refers to stm32g4xx_it.o(i.SVC_Handler) for SVC_Handler
    startup_stm32g431xx.o(RESET) refers to stm32g4xx_it.o(i.DebugMon_Handler) for DebugMon_Handler
    startup_stm32g431xx.o(RESET) refers to stm32g4xx_it.o(i.PendSV_Handler) for PendSV_Handler
    startup_stm32g431xx.o(RESET) refers to stm32g4xx_it.o(i.SysTick_Handler) for SysTick_Handler
    startup_stm32g431xx.o(RESET) refers to stm32g4xx_it.o(i.TIM2_IRQHandler) for TIM2_IRQHandler
    startup_stm32g431xx.o(.text) refers (Special) to heapauxi.o(.text) for __use_two_region_memory
    startup_stm32g431xx.o(.text) refers to system_stm32g4xx.o(i.SystemInit) for SystemInit
    startup_stm32g431xx.o(.text) refers to __main.o(!!!main) for __main
    startup_stm32g431xx.o(.text) refers to startup_stm32g431xx.o(HEAP) for Heap_Mem
    startup_stm32g431xx.o(.text) refers to startup_stm32g431xx.o(STACK) for Stack_Mem
    main.o(i.ADC_Proc) refers to myadc.o(i.ADC_Scan) for ADC_Scan
    main.o(i.ADC_Proc) refers to main.o(.data) for .data
    main.o(i.ADC_Proc) refers to myadc.o(.data) for vol
    main.o(i.KEY_Proc) refers to key.o(i.KEY_Scan) for KEY_Scan
    main.o(i.KEY_Proc) refers to key.o(i.KEY_GetFlag) for KEY_GetFlag
    main.o(i.KEY_Proc) refers to lcd.o(i.LCD_Clear) for LCD_Clear
    main.o(i.KEY_Proc) refers to main.o(.data) for .data
    main.o(i.LED_Proc) refers to led.o(i.LED_Reset) for LED_Reset
    main.o(i.LED_Proc) refers to led.o(i.LED_Updata) for LED_Updata
    main.o(i.LED_Proc) refers to led.o(i.LED_Set) for LED_Set
    main.o(i.LED_Proc) refers to main.o(.data) for .data
    main.o(i.PWM_Proc) refers to pwmout.o(i.PWM_Updata) for PWM_Updata
    main.o(i.PWM_Proc) refers to strcpy.o(.text) for strcpy
    main.o(i.PWM_Proc) refers to main.o(.data) for .data
    main.o(i.PWM_Proc) refers to pwmout.o(.data) for pwm
    main.o(i.PWM_Proc) refers to pulsein.o(.data) for pul
    main.o(i.PWM_Proc) refers to main.o(.bss) for .bss
    main.o(i.SystemClock_Config) refers to rt_memclr_w.o(.text) for __aeabi_memclr4
    main.o(i.SystemClock_Config) refers to stm32g4xx_hal_pwr_ex.o(i.HAL_PWREx_ControlVoltageScaling) for HAL_PWREx_ControlVoltageScaling
    main.o(i.SystemClock_Config) refers to stm32g4xx_hal_rcc.o(i.HAL_RCC_OscConfig) for HAL_RCC_OscConfig
    main.o(i.SystemClock_Config) refers to stm32g4xx_hal_rcc.o(i.HAL_RCC_ClockConfig) for HAL_RCC_ClockConfig
    main.o(i.TIM_Proc) refers to main.o(.data) for .data
    main.o(i.UI_Proc) refers to _printf_percent.o(.ARM.Collect$$_printf_percent$$00000000) for _printf_percent
    main.o(i.UI_Proc) refers to _printf_d.o(.ARM.Collect$$_printf_percent$$00000009) for _printf_d
    main.o(i.UI_Proc) refers to _printf_dec.o(.text) for _printf_int_dec
    main.o(i.UI_Proc) refers to _printf_s.o(.ARM.Collect$$_printf_percent$$00000014) for _printf_s
    main.o(i.UI_Proc) refers to _printf_str.o(.text) for _printf_str
    main.o(i.UI_Proc) refers to _printf_pad.o(.text) for _printf_pre_padding
    main.o(i.UI_Proc) refers to lcd.o(i.LCD_DisplayStringLine) for LCD_DisplayStringLine
    main.o(i.UI_Proc) refers to noretval__2sprintf.o(.text) for __2sprintf
    main.o(i.UI_Proc) refers to main.o(.data) for .data
    main.o(i.UI_Proc) refers to main.o(.bss) for .bss
    main.o(i.main) refers to stm32g4xx_hal.o(i.HAL_Init) for HAL_Init
    main.o(i.main) refers to main.o(i.SystemClock_Config) for SystemClock_Config
    main.o(i.main) refers to gpio.o(i.MX_GPIO_Init) for MX_GPIO_Init
    main.o(i.main) refers to adc.o(i.MX_ADC1_Init) for MX_ADC1_Init
    main.o(i.main) refers to adc.o(i.MX_ADC2_Init) for MX_ADC2_Init
    main.o(i.main) refers to tim.o(i.MX_TIM2_Init) for MX_TIM2_Init
    main.o(i.main) refers to tim.o(i.MX_TIM3_Init) for MX_TIM3_Init
    main.o(i.main) refers to lcd.o(i.LCD_Init) for LCD_Init
[...]
    .ARM.Collect$$libinit$$00000013          0x08000262   Section        0  libinit2.o(.ARM.Collect$$libinit$$00000013)
    .ARM.Collect$$libinit$$00000015          0x08000262   Section        0  libinit2.o(.ARM.Collect$$libinit$$00000015)
    .ARM.Collect$$libinit$$00000017          0x08000262   Section        0  libinit2.o(.ARM.Collect$$libinit$$00000017)
    .ARM.Collect$$libinit$$00000019          0x08000262   Section        0  libinit2.o(.ARM.Collect$$libinit$$00000019)
    .ARM.Collect$$libinit$$0000001B          0x08000262   Section        0  libinit2.o(.ARM.Collect$$libinit$$0000001B)
    .ARM.Collect$$libinit$$0000001D          0x08000262   Section        0  libinit2.o(.ARM.Collect$$libinit$$0000001D)
    .ARM.Collect$$libinit$$0000001F          0x08000262   Section        0  libinit2.o(.ARM.Collect$$libinit$$0000001F)
    .ARM.Collect$$libinit$$00000021          0x08000262   Section        0  libinit2.o(.ARM.Collect$$libinit$$00000021)
    .ARM.Collect$$libinit$$00000023          0x08000262   Section        0  libinit2.o(.ARM.Collect$$libinit$$00000023)
    .ARM.Collect$$libinit$$00000025          0x08000262   Section        0  libinit2.o(.ARM.Collect$$libinit$$00000025)
    .ARM.Collect$$libinit$$0000002C          0x08000262   Section        0  libinit2.o(.ARM.Collect$$libinit$$0000002C)
    .ARM.Collect$$libinit$$0000002E          0x08000262   Section        0  libinit2.o(.ARM.Collect$$libinit$$0000002E)
    .ARM.Collect$$libinit$$00000030          0x08000262   Section        0  libinit2.o(.ARM.Collect$$libinit$$00000030)
    .ARM.Collect$$libinit$$00000032          0x08000262   Section        0  libinit2.o(.ARM.Collect$$libinit$$00000032)
    .ARM.Collect$$libinit$$00000033          0x08000262   Section        2  libinit2.o(.ARM.Collect$$libinit$$00000033)
    .ARM.Collect$$libshutdown$$00000000      0x08000264   Section        2  libshutdown.o(.ARM.Collect$$libshutdown$$00000000)
    .ARM.Collect$$libshutdown$$00000002      0x08000266   Section        0  libshutdown2.o(.ARM.Collect$$libshutdown$$00000002)
    .ARM.Collect$$libshutdown$$00000004      0x08000266   Section        0  libshutdown2.o(.ARM.Collect$$libshutdown$$00000004)
    .ARM.Collect$$libshutdown$$00000007      0x08000266   Section        0  libshutdown2.o(.ARM.Collect$$libshutdown$$00000007)
    .ARM.Collect$$libshutdown$$0000000A      0x08000266   Section        0  libshutdown2.o(.ARM.Collect$$libshutdown$$0000000A)
    .ARM.Collect$$libshutdown$$0000000C      0x08000266   Section        0  libshutdown2.o(.ARM.Collect$$libshutdown$$0000000C)
    .ARM.Collect$$libshutdown$$0000000F      0x08000266   Section        0  libshutdown2.o(.ARM.Collect$$libshutdown$$0000000F)
    .ARM.Collect$$libshutdown$$00000010      0x08000266   Section        2  libshutdown2.o(.ARM.Collect$$libshutdown$$00000010)
    .ARM.Collect$$rtentry$$00000000          0x08000268   Section        0  __rtentry.o(.ARM.Collect$$rtentry$$00000000)
    .ARM.Collect$$rtentry$$00000002          0x08000268   Section        0  __rtentry2.o(.ARM.Collect$$rtentry$$00000002)
    .ARM.Collect$$rtentry$$00000004          0x08000268   Section        6  __rtentry4.o(.ARM.Collect$$rtentry$$00000004)
    .ARM.Collect$$rtentry$$00000009          0x0800026e   Section        0  __rtentry2.o(.ARM.Collect$$rtentry$$00000009)
    .ARM.Collect$$rtentry$$0000000A          0x0800026e   Section        4  __rtentry2.o(.ARM.Collect$$rtentry$$0000000A)
    .ARM.Collect$$rtentry$$0000000C          0x08000272   Section        0  __rtentry2.o(.ARM.Collect$$rtentry$$0000000C)
    .ARM.Collect$$rtentry$$0000000D          0x08000272   Section        8  __rtentry2.o(.ARM.Collect$$rtentry$$0000000D)
    .ARM.Collect$$rtexit$$00000000           0x0800027a   Section        2  rtexit.o(.ARM.Collect$$rtexit$$00000000)
    .ARM.Collect$$rtexit$$00000002           0x0800027c   Section        0  rtexit2.o(.ARM.Collect$$rtexit$$00000002)
    .ARM.Collect$$rtexit$$00000003           0x0800027c   Section        4  rtexit2.o(.ARM.Collect$$rtexit$$00000003)
    .ARM.Collect$$rtexit$$00000004           0x08000280   Section        6  rtexit2.o(.ARM.Collect$$rtexit$$00000004)
    .text                                    0x08000288   Section       64  startup_stm32g431xx.o(.text)
    $v0                                      0x08000288   Number         0  startup_stm32g431xx.o(.text)
    .text                                    0x080002c8   Section        0  noretval__2sprintf.o(.text)
    .text                                    0x080002f0   Section        0  _printf_pad.o(.text)
    .text                                    0x0800033e   Section        0  _printf_str.o(.text)
    .text                                    0x08000390   Section        0  _printf_dec.o(.text)
    .text                                    0x08000408   Section        0  __printf_flags_wp.o(.text)
    .text                                    0x08000540   Section        0  strcpy.o(.text)
    .text                                    0x08000588   Section       78  rt_memclr_w.o(.text)
    .text                                    0x080005d6   Section        0  heapauxi.o(.text)
    .text                                    0x080005dc   Section        0  _printf_intcommon.o(.text)
    .text                                    0x08000690   Section        0  _printf_char_common.o(.text)
    _printf_input_char                       0x08000691   Thumb Code    10  _printf_char_common.o(.text)
    .text                                    0x080006c0   Section        0  _sputc.o(.text)
    .text                                    0x080006ca   Section        0  _printf_char.o(.text)
    .text                                    0x080006f6   Section       74  sys_stackheap_outer.o(.text)
    .text                                    0x08000740   Section        0  exit.o(.text)
    .text                                    0x08000754   Section        8  libspace.o(.text)
    .text                                    0x0800075c   Section        0  sys_exit.o(.text)
    .text                                    0x08000768   Section        2  use_no_semi.o(.text)
    .text                                    0x0800076a   Section        0  indicate_semi.o(.text)
    i.ADC_Disable                            0x0800076c   Section        0  stm32g4xx_hal_adc.o(i.ADC_Disable)
    i.ADC_Enable                             0x080007dc   Section        0  stm32g4xx_hal_adc.o(i.ADC_Enable)
    i.ADC_Proc                               0x08000888   Section        0  main.o(i.ADC_Proc)
    i.ADC_Scan                               0x080008f0   Section        0  myadc.o(i.ADC_Scan)
    i.BusFault_Handler                       0x08000934   Section        0  stm32g4xx_it.o(i.BusFault_Handler)
    i.DebugMon_Handler                       0x08000936   Section        0  stm32g4xx_it.o(i.DebugMon_Handler)
    i.Delay_LCD                              0x08000938   Section        0  lcd.o(i.Delay_LCD)
    i.Error_Handler                          0x08000954   Section        0  main.o(i.Error_Handler)
    i.HAL_ADCEx_Calibration_Start            0x08000958   Section        0  stm32g4xx_hal_adc_ex.o(i.HAL_ADCEx_Calibration_Start)
    i.HAL_ADCEx_MultiModeConfigChannel       0x080009ec   Section        0  stm32g4xx_hal_adc_ex.o(i.HAL_ADCEx_MultiModeConfigChannel)
    i.HAL_ADC_ConfigChannel                  0x08000ac4   Section        0  stm32g4xx_hal_adc.o(i.HAL_ADC_ConfigChannel)
    i.HAL_ADC_GetValue                       0x08000ee8   Section        0  stm32g4xx_hal_adc.o(i.HAL_ADC_GetValue)
    i.HAL_ADC_Init                           0x08000ef0   Section        0  stm32g4xx_hal_adc.o(i.HAL_ADC_Init)
    i.HAL_ADC_MspInit                        0x080010e4   Section        0  adc.o(i.HAL_ADC_MspInit)
    i.HAL_ADC_PollForConversion              0x080011c8   Section        0  stm32g4xx_hal_adc.o(i.HAL_ADC_PollForConversion)
    i.HAL_ADC_Start                          0x080012c4   Section        0  stm32g4xx_hal_adc.o(i.HAL_ADC_Start)
    i.HAL_Delay                              0x080013b8   Section        0  stm32g4xx_hal.o(i.HAL_Delay)
    i.HAL_GPIO_Init                          0x080013dc   Section        0  stm32g4xx_hal_gpio.o(i.HAL_GPIO_Init)
    i.HAL_GPIO_ReadPin                       0x08001624   Section        0  stm32g4xx_hal_gpio.o(i.HAL_GPIO_ReadPin)
    i.HAL_GPIO_WritePin                      0x0800162e   Section        0  stm32g4xx_hal_gpio.o(i.HAL_GPIO_WritePin)
    i.HAL_GetTick                            0x08001638   Section        0  stm32g4xx_hal.o(i.HAL_GetTick)
    i.HAL_IncTick                            0x08001644   Section        0  stm32g4xx_hal.o(i.HAL_IncTick)
    i.HAL_Init                               0x08001654   Section        0  stm32g4xx_hal.o(i.HAL_Init)
    i.HAL_InitTick                           0x08001674   Section        0  stm32g4xx_hal.o(i.HAL_InitTick)
    i.HAL_MspInit                            0x080016b8   Section        0  stm32g4xx_hal_msp.o(i.HAL_MspInit)
    i.HAL_NVIC_EnableIRQ                     0x080016e8   Section        0  stm32g4xx_hal_cortex.o(i.HAL_NVIC_EnableIRQ)
    i.HAL_NVIC_SetPriority                   0x08001704   Section        0  stm32g4xx_hal_cortex.o(i.HAL_NVIC_SetPriority)
    i.HAL_NVIC_SetPriorityGrouping           0x08001744   Section        0  stm32g4xx_hal_cortex.o(i.HAL_NVIC_SetPriorityGrouping)
    i.HAL_PWREx_ControlVoltageScaling        0x08001768   Section        0  stm32g4xx_hal_pwr_ex.o(i.HAL_PWREx_ControlVoltageScaling)
    i.HAL_PWREx_DisableUCPDDeadBattery       0x08001824   Section        0  stm32g4xx_hal_pwr_ex.o(i.HAL_PWREx_DisableUCPDDeadBattery)
    i.HAL_RCCEx_PeriphCLKConfig              0x08001834   Section        0  stm32g4xx_hal_rcc_ex.o(i.HAL_RCCEx_PeriphCLKConfig)
    i.HAL_RCC_ClockConfig                    0x08001abc   Section        0  stm32g4xx_hal_rcc.o(i.HAL_RCC_ClockConfig)
    i.HAL_RCC_GetSysClockFreq                0x08001c98   Section        0  stm32g4xx_hal_rcc.o(i.HAL_RCC_GetSysClockFreq)
    i.HAL_RCC_OscConfig                      0x08001d08   Section        0  stm32g4xx_hal_rcc.o(i.HAL_RCC_OscConfig)
    i.HAL_SYSTICK_Config                     0x0800210c   Section        0  stm32g4xx_hal_cortex.o(i.HAL_SYSTICK_Config)
    i.HAL_TIMEx_Break2Callback               0x08002134   Section        0  stm32g4xx_hal_tim_ex.o(i.HAL_TIMEx_Break2Callback)
    i.HAL_TIMEx_BreakCallback                0x08002136   Section        0  stm32g4xx_hal_tim_ex.o(i.HAL_TIMEx_BreakCallback)
    i.HAL_TIMEx_CommutCallback               0x08002138   Section        0  stm32g4xx_hal_tim_ex.o(i.HAL_TIMEx_CommutCallback)
    i.HAL_TIMEx_DirectionChangeCallback      0x0800213a   Section        0  stm32g4xx_hal_tim_ex.o(i.HAL_TIMEx_DirectionChangeCallback)
    i.HAL_TIMEx_EncoderIndexCallback         0x0800213c   Section        0  stm32g4xx_hal_tim_ex.o(i.HAL_TIMEx_EncoderIndexCallback)
    i.HAL_TIMEx_IndexErrorCallback           0x0800213e   Section        0  stm32g4xx_hal_tim_ex.o(i.HAL_TIMEx_IndexErrorCallback)
    i.HAL_TIMEx_MasterConfigSynchronization  0x08002140   Section        0  stm32g4xx_hal_tim_ex.o(i.HAL_TIMEx_MasterConfigSynchronization)
    i.HAL_TIMEx_TransitionErrorCallback      0x080021dc   Section        0  stm32g4xx_hal_tim_ex.o(i.HAL_TIMEx_TransitionErrorCallback)
    i.HAL_TIM_Base_Init                      0x080021de   Section        0  stm32g4xx_hal_tim.o(i.HAL_TIM_Base_Init)
    i.HAL_TIM_Base_MspInit                   0x08002240   Section        0  tim.o(i.HAL_TIM_Base_MspInit)
    i.HAL_TIM_ConfigClockSource              0x080022cc   Section        0  stm32g4xx_hal_tim.o(i.HAL_TIM_ConfigClockSource)
    i.HAL_TIM_IC_CaptureCallback             0x080023cc   Section        0  pulsein.o(i.HAL_TIM_IC_CaptureCallback)
    i.HAL_TIM_IC_ConfigChannel               0x080023f4   Section        0  stm32g4xx_hal_tim.o(i.HAL_TIM_IC_ConfigChannel)
    i.HAL_TIM_IC_Init                        0x08002518   Section        0  stm32g4xx_hal_tim.o(i.HAL_TIM_IC_Init)
    i.HAL_TIM_IC_MspInit                     0x0800257a   Section        0  stm32g4xx_hal_tim.o(i.HAL_TIM_IC_MspInit)
    i.HAL_TIM_IC_Start_IT                    0x0800257c   Section        0  stm32g4xx_hal_tim.o(i.HAL_TIM_IC_Start_IT)
    i.HAL_TIM_IRQHandler                     0x080026a8   Section        0  stm32g4xx_hal_tim.o(i.HAL_TIM_IRQHandler)
    i.HAL_TIM_MspPostInit                    0x0800284c   Section        0  tim.o(i.HAL_TIM_MspPostInit)
    i.HAL_TIM_OC_DelayElapsedCallback        0x0800289c   Section        0  stm32g4xx_hal_tim.o(i.HAL_TIM_OC_DelayElapsedCallback)
    i.HAL_TIM_PWM_ConfigChannel              0x0800289e   Section        0  stm32g4xx_hal_tim.o(i.HAL_TIM_PWM_ConfigChannel)
    i.HAL_TIM_PWM_Init                       0x080029c2   Section        0  stm32g4xx_hal_tim.o(i.HAL_TIM_PWM_Init)
    i.HAL_TIM_PWM_MspInit                    0x08002a24   Section        0  stm32g4xx_hal_tim.o(i.HAL_TIM_PWM_MspInit)
    i.HAL_TIM_PWM_PulseFinishedCallback      0x08002a26   Section        0  stm32g4xx_hal_tim.o(i.HAL_TIM_PWM_PulseFinishedCallback)
    i.HAL_TIM_PWM_Start                      0x08002a28   Section        0  stm32g4xx_hal_tim.o(i.HAL_TIM_PWM_Start)
    i.HAL_TIM_PeriodElapsedCallback          0x08002b24   Section        0  stm32g4xx_hal_tim.o(i.HAL_TIM_PeriodElapsedCallback)
    i.HAL_TIM_TriggerCallback                0x08002b26   Section        0  stm32g4xx_hal_tim.o(i.HAL_TIM_TriggerCallback)
    i.HardFault_Handler                      0x08002b28   Section        0  stm32g4xx_it.o(i.HardFault_Handler)
    i.KEY_GetFlag                            0x08002b2c   Section        0  key.o(i.KEY_GetFlag)
    i.KEY_Proc                               0x08002b3c   Section        0  main.o(i.KEY_Proc)
    i.KEY_Scan                               0x08002c44   Section        0  key.o(i.KEY_Scan)
    i.LCD_BusIn                              0x08002cc0   Section        0  lcd.o(i.LCD_BusIn)
    i.LCD_BusOut                             0x08002cec   Section        0  lcd.o(i.LCD_BusOut)
    i.LCD_Clear                              0x08002d1c   Section        0  lcd.o(i.LCD_Clear)
    i.LCD_CtrlLinesConfig                    0x08002d40   Section        0  lcd.o(i.LCD_CtrlLinesConfig)
    i.LCD_DisplayChar                        0x08002dd0   Section        0  lcd.o(i.LCD_DisplayChar)
    i.LCD_DisplayStringLine                  0x08002de8   Section        0  lcd.o(i.LCD_DisplayStringLine)
    i.LCD_DrawChar                           0x08002e14   Section        0  lcd.o(i.LCD_DrawChar)
    i.LCD_Init                               0x08002e6c   Section        0  lcd.o(i.LCD_Init)
    i.LCD_ReadReg                            0x08002ea0   Section        0  lcd.o(i.LCD_ReadReg)
    i.LCD_SetBackColor                       0x08002f20   Section        0  lcd.o(i.LCD_SetBackColor)
    i.LCD_SetCursor                          0x08002f30   Section        0  lcd.o(i.LCD_SetCursor)
    i.LCD_SetTextColor                       0x08002f48   Section        0  lcd.o(i.LCD_SetTextColor)
    i.LCD_WriteRAM                           0x08002f58   Section        0  lcd.o(i.LCD_WriteRAM)
    i.LCD_WriteRAM_Prepare                   0x08002fb0   Section        0  lcd.o(i.LCD_WriteRAM_Prepare)
    i.LCD_WriteReg                           0x0800300c   Section        0  lcd.o(i.LCD_WriteReg)
    i.LED_Proc                               0x08003078   Section        0  main.o(i.LED_Proc)
    i.LED_Reset                              0x080030c4   Section        0  led.o(i.LED_Reset)
    i.LED_Set                                0x080030d8   Section        0  led.o(i.LED_Set)
    i.LED_Updata                             0x080030ec   Section        0  led.o(i.LED_Updata)
    i.LL_ADC_GetOffsetChannel                0x08003120   Section        0  stm32g4xx_hal_adc.o(i.LL_ADC_GetOffsetChannel)
    LL_ADC_GetOffsetChannel                  0x08003121   Thumb Code    12  stm32g4xx_hal_adc.o(i.LL_ADC_GetOffsetChannel)
    i.LL_ADC_INJ_IsConversionOngoing         0x0800312c   Section        0  stm32g4xx_hal_adc.o(i.LL_ADC_INJ_IsConversionOngoing)
    LL_ADC_INJ_IsConversionOngoing           0x0800312d   Thumb Code     8  stm32g4xx_hal_adc.o(i.LL_ADC_INJ_IsConversionOngoing)
    i.LL_ADC_REG_IsConversionOngoing         0x08003134   Section        0  stm32g4xx_hal_adc.o(i.LL_ADC_REG_IsConversionOngoing)
    LL_ADC_REG_IsConversionOngoing           0x08003135   Thumb Code     8  stm32g4xx_hal_adc.o(i.LL_ADC_REG_IsConversionOngoing)
    i.LL_ADC_REG_IsConversionOngoing         0x0800313c   Section        0  stm32g4xx_hal_adc_ex.o(i.LL_ADC_REG_IsConversionOngoing)
    LL_ADC_REG_IsConversionOngoing           0x0800313d   Thumb Code     8  stm32g4xx_hal_adc_ex.o(i.LL_ADC_REG_IsConversionOngoing)
    i.LL_ADC_REG_IsTriggerSourceSWStart      0x08003144   Section        0  stm32g4xx_hal_adc.o(i.LL_ADC_REG_IsTriggerSourceSWStart)
    LL_ADC_REG_IsTriggerSourceSWStart        0x08003145   Thumb Code    16  stm32g4xx_hal_adc.o(i.LL_ADC_REG_IsTriggerSourceSWStart)
    i.LL_ADC_SetChannelSamplingTime          0x08003154   Section        0  stm32g4xx_hal_adc.o(i.LL_ADC_SetChannelSamplingTime)
    LL_ADC_SetChannelSamplingTime            0x08003155   Thumb Code    30  stm32g4xx_hal_adc.o(i.LL_ADC_SetChannelSamplingTime)
    i.LL_ADC_SetOffsetState                  0x08003172   Section        0  stm32g4xx_hal_adc.o(i.LL_ADC_SetOffsetState)
    LL_ADC_SetOffsetState                    0x08003173   Thumb Code    16  stm32g4xx_hal_adc.o(i.LL_ADC_SetOffsetState)
    i.MX_ADC1_Init                           0x08003184   Section        0  adc.o(i.MX_ADC1_Init)
    i.MX_ADC2_Init                           0x08003214   Section        0  adc.o(i.MX_ADC2_Init)
    i.MX_GPIO_Init                           0x08003290   Section        0  gpio.o(i.MX_GPIO_Init)
    i.MX_TIM2_Init                           0x08003364   Section        0  tim.o(i.MX_TIM2_Init)
    i.MX_TIM3_Init                           0x080033f8   Section        0  tim.o(i.MX_TIM3_Init)
    i.MemManage_Handler                      0x08003494   Section        0  stm32g4xx_it.o(i.MemManage_Handler)
    i.NMI_Handler                            0x08003496   Section        0  stm32g4xx_it.o(i.NMI_Handler)
    i.PWM_Proc                               0x08003498   Section        0  main.o(i.PWM_Proc)
    i.PWM_Updata                             0x080034f8   Section        0  pwmout.o(i.PWM_Updata)
    i.PendSV_Handler                         0x0800351c   Section        0  stm32g4xx_it.o(i.PendSV_Handler)
    i.REG_8230_Init                          0x0800351e   Section        0  lcd.o(i.REG_8230_Init)
    i.REG_932X_Init                          0x08003630   Section        0  lcd.o(i.REG_932X_Init)
    i.SVC_Handler                            0x08003832   Section        0  stm32g4xx_it.o(i.SVC_Handler)
    i.SysTick_Handler                        0x08003834   Section        0  stm32g4xx_it.o(i.SysTick_Handler)
    i.SystemClock_Config                     0x08003854   Section        0  main.o(i.SystemClock_Config)
    i.SystemInit                             0x080038bc   Section        0  system_stm32g4xx.o(i.SystemInit)
    i.TIM2_IRQHandler                        0x080038cc   Section        0  stm32g4xx_it.o(i.TIM2_IRQHandler)
    i.TIM_Base_SetConfig                     0x080038d8   Section        0  stm32g4xx_hal_tim.o(i.TIM_Base_SetConfig)
    i.TIM_CCxChannelCmd                      0x08003994   Section        0  stm32g4xx_hal_tim.o(i.TIM_CCxChannelCmd)
    i.TIM_ETR_SetConfig                      0x080039ae   Section        0  stm32g4xx_hal_tim.o(i.TIM_ETR_SetConfig)
    i.TIM_ITRx_SetConfig                     0x080039c4   Section        0  stm32g4xx_hal_tim.o(i.TIM_ITRx_SetConfig)
    TIM_ITRx_SetConfig                       0x080039c5   Thumb Code    16  stm32g4xx_hal_tim.o(i.TIM_ITRx_SetConfig)
    i.TIM_OC1_SetConfig                      0x080039d8   Section        0  stm32g4xx_hal_tim.o(i.TIM_OC1_SetConfig)
    TIM_OC1_SetConfig                        0x080039d9   Thumb Code   132  stm32g4xx_hal_tim.o(i.TIM_OC1_SetConfig)
    i.TIM_OC2_SetConfig                      0x08003a74   Section        0  stm32g4xx_hal_tim.o(i.TIM_OC2_SetConfig)
    i.TIM_OC3_SetConfig                      0x08003b04   Section        0  stm32g4xx_hal_tim.o(i.TIM_OC3_SetConfig)
    TIM_OC3_SetConfig                        0x08003b05   Thumb Code   118  stm32g4xx_hal_tim.o(i.TIM_OC3_SetConfig)
    i.TIM_OC4_SetConfig                      0x08003b94   Section        0  stm32g4xx_hal_tim.o(i.TIM_OC4_SetConfig)
    TIM_OC4_SetConfig                        0x08003b95   Thumb Code   120  stm32g4xx_hal_tim.o(i.TIM_OC4_SetConfig)
    i.TIM_OC5_SetConfig                      0x08003c24   Section        0  stm32g4xx_hal_tim.o(i.TIM_OC5_SetConfig)
    TIM_OC5_SetConfig                        0x08003c25   Thumb Code    86  stm32g4xx_hal_tim.o(i.TIM_OC5_SetConfig)
    i.TIM_OC6_SetConfig                      0x08003c94   Section        0  stm32g4xx_hal_tim.o(i.TIM_OC6_SetConfig)
    TIM_OC6_SetConfig                        0x08003c95   Thumb Code    88  stm32g4xx_hal_tim.o(i.TIM_OC6_SetConfig)
    i.TIM_Proc                               0x08003d04   Section        0  main.o(i.TIM_Proc)
    i.TIM_TI1_ConfigInputStage               0x08003d4c   Section        0  stm32g4xx_hal_tim.o(i.TIM_TI1_ConfigInputStage)
    TIM_TI1_ConfigInputStage                 0x08003d4d   Thumb Code    34  stm32g4xx_hal_tim.o(i.TIM_TI1_ConfigInputStage)
    i.TIM_TI1_SetConfig                      0x08003d70   Section        0  stm32g4xx_hal_tim.o(i.TIM_TI1_SetConfig)
    i.TIM_TI2_ConfigInputStage               0x08003ddc   Section        0  stm32g4xx_hal_tim.o(i.TIM_TI2_ConfigInputStage)
    TIM_TI2_ConfigInputStage                 0x08003ddd   Thumb Code    36  stm32g4xx_hal_tim.o(i.TIM_TI2_ConfigInputStage)
    i.TIM_TI2_SetConfig                      0x08003e00   Section        0  stm32g4xx_hal_tim.o(i.TIM_TI2_SetConfig)
    TIM_TI2_SetConfig                        0x08003e01   Thumb Code    54  stm32g4xx_hal_tim.o(i.TIM_TI2_SetConfig)
    i.UI_Proc                                0x08003e38   Section        0  main.o(i.UI_Proc)
    i.UsageFault_Handler                     0x08004078   Section        0  stm32g4xx_it.o(i.UsageFault_Handler)
    i.__NVIC_SetPriority                     0x0800407a   Section        0  stm32g4xx_hal_cortex.o(i.__NVIC_SetPriority)
    __NVIC_SetPriority                       0x0800407b   Thumb Code    32  stm32g4xx_hal_cortex.o(i.__NVIC_SetPriority)
    i._is_digit                              0x0800409a   Section        0  __printf_wp.o(i._is_digit)
    i.main                                   0x080040a8   Section        0  main.o(i.main)
    x$fpl$fpinit                             0x08004128   Section       10  fpinit.o(x$fpl$fpinit)
    $v0                                      0x08004128   Number         0  fpinit.o(x$fpl$fpinit)
    .constdata                               0x08004132   Section       16  system_stm32g4xx.o(.constdata)
    .constdata                               0x08004142   Section     4560  lcd.o(.constdata)
    .constdata                               0x08005312   Section       17  __printf_flags_wp.o(.constdata)
    maptable                                 0x08005312   Data          17  __printf_flags_wp.o(.constdata)
    .data                                    0x20000000   Section       64  main.o(.data)
    flag                                     0x20000006   Data           1  main.o(.data)
    .data                                    0x20000040   Section        4  adc.o(.data)
    HAL_RCC_ADC12_CLK_ENABLED                0x20000040   Data           4  adc.o(.data)
    .data                                    0x20000044   Section       12  stm32g4xx_hal.o(.data)
    .data                                    0x20000050   Section        4  system_stm32g4xx.o(.data)
    .data                                    0x20000054   Section        6  lcd.o(.data)
    TextColor                                0x20000054   Data           2  lcd.o(.data)
    BackColor                                0x20000056   Data           2  lcd.o(.data)
    .data                                    0x2000005a   Section        1  led.o(.data)
    .data                                    0x2000005c   Section        4  myadc.o(.data)
    .data                                    0x20000060   Section        4  pulsein.o(.data)
    .data                                    0x20000064   Section        4  pwmout.o(.data)
    .bss                                     0x20000068   Section       20  main.o(.bss)
    .bss                                     0x2000007c   Section      216  adc.o(.bss)
    .bss                                     0x20000154   Section      152  tim.o(.bss)
    .bss                                     0x200001ec   Section       12  key.o(.bss)
    .bss                                     0x200001f8   Section       96  libspace.o(.bss)
    HEAP                                     0x20000258   Section      512  startup_stm32g431xx.o(HEAP)
    Heap_Mem                                 0x20000258   Data         512  startup_stm32g431xx.o(HEAP)
    STACK                                    0x20000458   Section     1024  startup_stm32g431xx.o(STACK)
    Stack_Mem                                0x20000458   Data        1024  startup_stm32g431xx.o(STACK)
    __initial_sp                             0x20000858   Data           0  startup_stm32g431xx.o(STACK)

    Global Symbols

    Symbol Name                              Value     Ov Type        Size  Object(Section)

    BuildAttributes$$THM_ISAv4$E$P$D$K$B$S$7EM$VFPi3$EXTD16$VFPS$VFMA$PE$A:L22UL41UL21$X:L11$S22US41US21$IEEE1$IW$USESV6$~STKCKD$USESV7$~SHL$OSPACE$ROPI$EBA8$UX$STANDARDLIB$REQ8$PRES8$EABIv2 0x00000000   Number         0  anon$$obj.o ABSOLUTE
    __ARM_use_no_argv                        0x00000000   Number         0  main.o ABSOLUTE
    _printf_flags                            0x00000000   Number         0  printf_stubs.o ABSOLUTE
    _printf_return_value                     0x00000000   Number         0  printf_stubs.o ABSOLUTE
    _printf_sizespec                         0x00000000   Number         0  printf_stubs.o ABSOLUTE
    _printf_widthprec                        0x00000000   Number         0  printf_stubs.o ABSOLUTE
    __ARM_exceptions_init                     - Undefined Weak Reference
    __alloca_initialize                       - Undefined Weak Reference
    __arm_preinit_                            - Undefined Weak Reference
    __cpp_initialize__aeabi_                  - Undefined Weak Reference
    __cxa_finalize                            - Undefined Weak Reference
    __rt_locale                               - Undefined Weak Reference
    __sigvec_lookup                           - Undefined Weak Reference
    _atexit_init                              - Undefined Weak Reference
    _call_atexit_fns                          - Undefined Weak Reference
    _clock_init                               - Undefined Weak Reference
    _fp_trap_init                             - Undefined Weak Reference
    _fp_trap_shutdown                         - Undefined Weak Reference
    _get_lc_collate                           - Undefined Weak Reference
    _get_lc_ctype                             - Undefined Weak Reference
    _get_lc_monetary                          - Undefined Weak Reference
    _get_lc_numeric                           - Undefined Weak Reference
    _get_lc_time                              - Undefined Weak Reference
    _getenv_init                              - Undefined Weak Reference
    _handle_redirection                       - Undefined Weak Reference
    _init_alloc                               - Undefined Weak Reference
    _init_user_alloc                          - Undefined Weak Reference
    _initio                                   - Undefined Weak Reference
    _printf_mbtowc                            - Undefined Weak Reference
    _printf_truncate_signed                   - Undefined Weak Reference
    _printf_truncate_unsigned                 - Undefined Weak Reference
    _rand_init                                - Undefined Weak Reference
    _signal_finish                            - Undefined Weak Reference
    _signal_init                              - Undefined Weak Reference
    _terminate_alloc                          - Undefined Weak Reference
    _terminate_user_alloc                     - Undefined Weak Reference
    _terminateio                              - Undefined Weak Reference
    __Vectors_Size                           0x000001d8   Number         0  startup_stm32g431xx.o ABSOLUTE
    __Vectors                                0x08000000   Data           4  startup_stm32g431xx.o(RESET)
    __Vectors_End                            0x080001d8   Data           0  startup_stm32g431xx.o(RESET)
    __main                                   0x080001d9   Thumb Code     8  __main.o(!!!main)
    __scatterload                            0x080001e1   Thumb Code     0  __scatter.o(!!!scatter)
    __scatterload_rt2                        0x080001e1   Thumb Code    44  __scatter.o(!!!scatter)
    __scatterload_rt2_thumb_only             0x080001e1   Thumb Code     0  __scatter.o(!!!scatter)
    __scatterload_null                       0x080001ef   Thumb Code     0  __scatter.o(!!!scatter)
    __scatterload_copy                       0x08000215   Thumb Code    26  __scatter_copy.o(!!handler_copy)
    __scatterload_zeroinit                   0x08000231   Thumb Code    28  __scatter_zi.o(!!handler_zi)
    _printf_d                                0x0800024d   Thumb Code     0  _printf_d.o(.ARM.Collect$$_printf_percent$$00000009)
    _printf_percent                          0x0800024d   Thumb Code     0  _printf_percent.o(.ARM.Collect$$_printf_percent$$00000000)
    _printf_s                                0x08000253   Thumb Code     0  _printf_s.o(.ARM.Collect$$_printf_percent$$00000014)
    _printf_percent_end                      0x08000259   Thumb Code     0  _printf_percent_end.o(.ARM.Collect$$_printf_percent$$00000017)
    __rt_lib_init                            0x0800025d   Thumb Code     0  libinit.o(.ARM.Collect$$libinit$$00000000)
    __rt_lib_init_fp_1                       0x0800025f   Thumb Code     0  libinit2.o(.ARM.Collect$$libinit$$00000001)
    __rt_lib_init_alloca_1                   0x08000263   Thumb Code     0  libinit2.o(.ARM.Collect$$libinit$$0000002E)
    __rt_lib_init_argv_1                     0x08000263   Thumb Code     0  libinit2.o(.ARM.Collect$$libinit$$0000002C)
    __rt_lib_init_atexit_1                   0x08000263   Thumb Code     0  libinit2.o(.ARM.Collect$$libinit$$0000001B)
    __rt_lib_init_clock_1                    0x08000263   Thumb Code     0  libinit2.o(.ARM.Collect$$libinit$$00000021)
    __rt_lib_init_cpp_1                      0x08000263   Thumb Code     0  libinit2.o(.ARM.Collect$$libinit$$00000032)
    __rt_lib_init_exceptions_1               0x08000263   Thumb Code     0  libinit2.o(.ARM.Collect$$libinit$$00000030)
    __rt_lib_init_fp_trap_1                  0x08000263   Thumb Code     0  libinit2.o(.ARM.Collect$$libinit$$0000001F)
    __rt_lib_init_getenv_1                   0x08000263   Thumb Code     0  libinit2.o(.ARM.Collect$$libinit$$00000023)
    __rt_lib_init_heap_1                     0x08000263   Thumb Code     0  libinit2.o(.ARM.Collect$$libinit$$0000000A)
    __rt_lib_init_lc_collate_1               0x08000263   Thumb Code     0  libinit2.o(.ARM.Collect$$libinit$$00000011)
    __rt_lib_init_lc_ctype_1                 0x08000263   Thumb Code     0  libinit2.o(.ARM.Collect$$libinit$$00000013)
    __rt_lib_init_lc_monetary_1              0x08000263   Thumb Code     0  libinit2.o(.ARM.Collect$$libinit$$00000015)
    __rt_lib_init_lc_numeric_1               0x08000263   Thumb Code     0  libinit2.o(.ARM.Collect$$libinit$$00000017)
    __rt_lib_init_lc_time_1                  0x08000263   Thumb Code     0  libinit2.o(.ARM.Collect$$libinit$$00000019)
    __rt_lib_init_preinit_1                  0x08000263   Thumb Code     0  libinit2.o(.ARM.Collect$$libinit$$00000004)
    __rt_lib_init_rand_1                     0x08000263   Thumb Code     0  libinit2.o(.ARM.Collect$$libinit$$0000000E)
    __rt_lib_init_return                     0x08000263   Thumb Code     0  libinit2.o(.ARM.Collect$$libinit$$00000033)
    __rt_lib_init_signal_1                   0x08000263   Thumb Code     0  libinit2.o(.ARM.Collect$$libinit$$0000001D)
    __rt_lib_init_stdio_1                    0x08000263   Thumb Code     0  libinit2.o(.ARM.Collect$$libinit$$00000025)
    __rt_lib_init_user_alloc_1               0x08000263   Thumb Code     0  libinit2.o(.ARM.Collect$$libinit$$0000000C)
    __rt_lib_shutdown                        0x08000265   Thumb Code     0  libshutdown.o(.ARM.Collect$$libshutdown$$00000000)
    __rt_lib_shutdown_cpp_1                  0x08000267   Thumb Code     0  libshutdown2.o(.ARM.Collect$$libshutdown$$00000002)
    __rt_lib_shutdown_fp_trap_1              0x08000267   Thumb Code     0  libshutdown2.o(.ARM.Collect$$libshutdown$$00000007)
    __rt_lib_shutdown_heap_1                 0x08000267   Thumb Code     0  libshutdown2.o(.ARM.Collect$$libshutdown$$0000000F)
    __rt_lib_shutdown_return                 0x08000267   Thumb Code     0  libshutdown2.o(.ARM.Collect$$libshutdown$$00000010)
    __rt_lib_shutdown_signal_1               0x08000267   Thumb Code     0  libshutdown2.o(.ARM.Collect$$libshutdown$$0000000A)
    __rt_lib_shutdown_stdio_1                0x08000267   Thumb Code     0  libshutdown2.o(.ARM.Collect$$libshutdown$$00000004)
    __rt_lib_shutdown_user_alloc_1           0x08000267   Thumb Code     0  libshutdown2.o(.ARM.Collect$$libshutdown$$0000000C)
    __rt_entry                               0x08000269   Thumb Code     0  __rtentry.o(.ARM.Collect$$rtentry$$00000000)
    __rt_entry_presh_1                       0x08000269   Thumb Code     0  __rtentry2.o(.ARM.Collect$$rtentry$$00000002)
    __rt_entry_sh                            0x08000269   Thumb Code     0  __rtentry4.o(.ARM.Collect$$rtentry$$00000004)
    __rt_entry_li                            0x0800026f   Thumb Code     0  __rtentry2.o(.ARM.Collect$$rtentry$$0000000A)
    __rt_entry_postsh_1                      0x0800026f   Thumb Code     0  __rtentry2.o(.ARM.Collect$$rtentry$$00000009)
    __rt_entry_main                          0x08000273   Thumb Code     0  __rtentry2.o(.ARM.Collect$$rtentry$$0000000D)
    __rt_entry_postli_1                      0x08000273   Thumb Code     0  __rtentry2.o(.ARM.Collect$$rtentry$$0000000C)
    __rt_exit                                0x0800027b   Thumb Code     0  rtexit.o(.ARM.Collect$$rtexit$$00000000)
    __rt_exit_ls                             0x0800027d   Thumb Code     0  rtexit2.o(.ARM.Collect$$rtexit$$00000003)
    __rt_exit_prels_1                        0x0800027d   Thumb Code     0  rtexit2.o(.ARM.Collect$$rtexit$$00000002)
    __rt_exit_exit                           0x08000281   Thumb Code     0  rtexit2.o(.ARM.Collect$$rtexit$$00000004)
    Reset_Handler                            0x08000289   Thumb Code     8  startup_stm32g431xx.o(.text)
    ADC1_2_IRQHandler                        0x080002a3   Thumb Code     0  startup_stm32g431xx.o(.text)
    COMP1_2_3_IRQHandler                     0x080002a3   Thumb Code     0  startup_stm32g431xx.o(.text)
    COMP4_IRQHandler                         0x080002a3   Thumb Code     0  startup_stm32g431xx.o(.text)
    CORDIC_IRQHandler                        0x080002a3   Thumb Code     0  startup_stm32g431xx.o(.text)
    CRS_IRQHandler                           0x080002a3   Thumb Code     0  startup_stm32g431xx.o(.text)
    DMA1_Channel1_IRQHandler                 0x080002a3   Thumb Code     0  startup_stm32g431xx.o(.text)
    DMA1_Channel2_IRQHandler                 0x080002a3   Thumb Code     0  startup_stm32g431xx.o(.text)
    DMA1_Channel3_IRQHandler                 0x080002a3   Thumb Code     0  startup_stm32g431xx.o(.text)
    DMA1_Channel4_IRQHandler                 0x080002a3   Thumb Code     0  startup_stm32g431xx.o(.text)
    DMA1_Channel5_IRQHandler                 0x080002a3   Thumb Code     0  startup_stm32g431xx.o(.text)
    DMA1_Channel6_IRQHandler                 0x080002a3   Thumb Code     0  startup_stm32g431xx.o(.text)
    DMA2_Channel1_IRQHandler                 0x080002a3   Thumb Code     0  startup_stm32g431xx.o(.text)
    DMA2_Channel2_IRQHandler                 0x080002a3   Thumb Code     0  startup_stm32g431xx.o(.text)
    DMA2_Channel3_IRQHandler                 0x080002a3   Thumb Code     0  startup_stm32g431xx.o(.text)
    DMA2_Channel4_IRQHandler                 0x080002a3   Thumb Code     0  startup_stm32g431xx.o(.text)
    DMA2_Channel5_IRQHandler                 0x080002a3   Thumb Code     0  startup_stm32g431xx.o(.text)
    DMA2_Channel6_IRQHandler                 0x080002a3   Thumb Code     0  startup_stm32g431xx.o(.text)
    DMAMUX_OVR_IRQHandler                    0x080002a3   Thumb Code     0  startup_stm32g431xx.o(.text)
    EXTI0_IRQHandler                         0x080002a3   Thumb Code     0  startup_stm32g431xx.o(.text)
    EXTI15_10_IRQHandler                     0x080002a3   Thumb Code     0  startup_stm32g431xx.o(.text)
    EXTI1_IRQHandler                         0x080002a3   Thumb Code     0  startup_stm32g431xx.o(.text)
    EXTI2_IRQHandler                         0x080002a3   Thumb Code     0  startup_stm32g431xx.o(.text)
    EXTI3_IRQHandler                         0x080002a3   Thumb Code     0  startup_stm32g431xx.o(.text)
    EXTI4_IRQHandler                         0x080002a3   Thumb Code     0  startup_stm32g431xx.o(.text)
    EXTI9_5_IRQHandler                       0x080002a3   Thumb Code     0  startup_stm32g431xx.o(.text)
    FDCAN1_IT0_IRQHandler                    0x080002a3   Thumb Code     0  startup_stm32g431xx.o(.text)
    FDCAN1_IT1_IRQHandler                    0x080002a3   Thumb Code     0  startup_stm32g431xx.o(.text)
    FLASH_IRQHandler                         0x080002a3   Thumb Code     0  startup_stm32g431xx.o(.text)
    FMAC_IRQHandler                          0x080002a3   Thumb Code     0  startup_stm32g431xx.o(.text)
    FPU_IRQHandler                           0x080002a3   Thumb Code     0  startup_stm32g431xx.o(.text)
    I2C1_ER_IRQHandler                       0x080002a3   Thumb Code     0  startup_stm32g431xx.o(.text)
    I2C1_EV_IRQHandler                       0x080002a3   Thumb Code     0  startup_stm32g431xx.o(.text)
    I2C2_ER_IRQHandler                       0x080002a3   Thumb Code     0  startup_stm32g431xx.o(.text)
    I2C2_EV_IRQHandler                       0x080002a3   Thumb Code     0  startup_stm32g431xx.o(.text)
    I2C3_ER_IRQHandler                       0x080002a3   Thumb Code     0  startup_stm32g431xx.o(.text)
    I2C3_EV_IRQHandler                       0x080002a3   Thumb Code     0  startup_stm32g431xx.o(.text)
    LPTIM1_IRQHandler                        0x080002a3   Thumb Code     0  startup_stm32g431xx.o(.text)
    LPUART1_IRQHandler                       0x080002a3   Thumb Code     0  startup_stm32g431xx.o(.text)
    PVD_PVM_IRQHandler                       0x080002a3   Thumb Code     0  startup_stm32g431xx.o(.text)
    RCC_IRQHandler                           0x080002a3   Thumb Code     0  startup_stm32g431xx.o(.text)
    RNG_IRQHandler                           0x080002a3   Thumb Code     0  startup_stm32g431xx.o(.text)
    RTC_Alarm_IRQHandler                     0x080002a3   Thumb Code     0  startup_stm32g431xx.o(.text)
    RTC_TAMP_LSECSS_IRQHandler               0x080002a3   Thumb Code     0  startup_stm32g431xx.o(.text)
    RTC_WKUP_IRQHandler                      0x080002a3   Thumb Code     0  startup_stm32g431xx.o(.text)
    SAI1_IRQHandler                          0x080002a3   Thumb Code     0  startup_stm32g431xx.o(.text)
    SPI1_IRQHandler                          0x080002a3   Thumb Code     0  startup_stm32g431xx.o(.text)
    SPI2_IRQHandler                          0x080002a3   Thumb Code     0  startup_stm32g431xx.o(.text)
    SPI3_IRQHandler                          0x080002a3   Thumb Code     0  startup_stm32g431xx.o(.text)
    TIM1_BRK_TIM15_IRQHandler                0x080002a3   Thumb Code     0  startup_stm32g431xx.o(.text)
    TIM1_CC_IRQHandler                       0x080002a3   Thumb Code     0  startup_stm32g431xx.o(.text)
    TIM1_TRG_COM_TIM17_IRQHandler            0x080002a3   Thumb Code     0  startup_stm32g431xx.o(.text)
    TIM1_UP_TIM16_IRQHandler                 0x080002a3   Thumb Code     0  startup_stm32g431xx.o(.text)
    TIM3_IRQHandler                          0x080002a3   Thumb Code     0  startup_stm32g431xx.o(.text)
    TIM4_IRQHandler                          0x080002a3   Thumb Code     0  startup_stm32g431xx.o(.text)
    TIM6_DAC_IRQHandler                      0x080002a3   Thumb Code     0  startup_stm32g431xx.o(.text)
    TIM7_IRQHandler                          0x080002a3   Thumb Code     0  startup_stm32g431xx.o(.text)
    TIM8_BRK_IRQHandler                      0x080002a3   Thumb Code     0  startup_stm32g431xx.o(.text)
    TIM8_CC_IRQHandler                       0x080002a3   Thumb Code     0  startup_stm32g431xx.o(.text)
    TIM8_TRG_COM_IRQHandler                  0x080002a3   Thumb Code     0  startup_stm32g431xx.o(.text)
    TIM8_UP_IRQHandler                       0x080002a3   Thumb Code     0  startup_stm32g431xx.o(.text)
    UART4_IRQHandler                         0x080002a3   Thumb Code     0  startup_stm32g431xx.o(.text)
    UCPD1_IRQHandler                         0x080002a3   Thumb Code     0  startup_stm32g431xx.o(.text)
    USART1_IRQHandler                        0x080002a3   Thumb Code     0  startup_stm32g431xx.o(.text)
    USART2_IRQHandler                        0x080002a3   Thumb Code     0  startup_stm32g431xx.o(.text)
    USART3_IRQHandler                        0x080002a3   Thumb Code     0  startup_stm32g431xx.o(.text)
    USBWakeUp_IRQHandler                     0x080002a3   Thumb Code     0  startup_stm32g431xx.o(.text)
    USB_HP_IRQHandler                        0x080002a3   Thumb Code     0  startup_stm32g431xx.o(.text)
    USB_LP_IRQHandler                        0x080002a3   Thumb Code     0  startup_stm32g431xx.o(.text)
    WWDG_IRQHandler                          0x080002a3   Thumb Code     0  startup_stm32g431xx.o(.text)
    __user_initial_stackheap                 0x080002a5   Thumb Code     0  startup_stm32g431xx.o(.text)
    __2sprintf                               0x080002c9   Thumb Code    34  noretval__2sprintf.o(.text)
    _printf_pre_padding                      0x080002f1   Thumb Code    44  _printf_pad.o(.text)
    _printf_post_padding                     0x0800031d   Thumb Code    34  _printf_pad.o(.text)
    _printf_str                              0x0800033f   Thumb Code    82  _printf_str.o(.text)
    _printf_int_dec                          0x08000391   Thumb Code   104  _printf_dec.o(.text)
    __printf                                 0x08000409   Thumb Code   308  __printf_flags_wp.o(.text)
    strcpy                                   0x08000541   Thumb Code    72  strcpy.o(.text)
    __aeabi_memclr4                          0x08000589   Thumb Code     0  rt_memclr_w.o(.text)
    __aeabi_memclr8                          0x08000589   Thumb Code     0  rt_memclr_w.o(.text)
    __rt_memclr_w                            0x08000589   Thumb Code    78  rt_memclr_w.o(.text)
    _memset_w                                0x0800058d   Thumb Code     0  rt_memclr_w.o(.text)
    __use_two_region_memory                  0x080005d7   Thumb Code     2  heapauxi.o(.text)
    __rt_heap_escrow$2region                 0x080005d9   Thumb Code     2  heapauxi.o(.text)
    __rt_heap_expand$2region                 0x080005db   Thumb Code     2  heapauxi.o(.text)
    _printf_int_common                       0x080005dd   Thumb Code   178  _printf_intcommon.o(.text)
    _printf_char_common                      0x0800069b   Thumb Code    32  _printf_char_common.o(.text)
    _sputc                                   0x080006c1   Thumb Code    10  _sputc.o(.text)
    _printf_cs_common                        0x080006cb   Thumb Code    20  _printf_char.o(.text)
    _printf_char                             0x080006df   Thumb Code    16  _printf_char.o(.text)
    _printf_string                           0x080006ef   Thumb Code     8  _printf_char.o(.text)
    __user_setup_stackheap                   0x080006f7   Thumb Code    74  sys_stackheap_outer.o(.text)
    exit                                     0x08000741   Thumb Code    18  exit.o(.text)
    __user_libspace                          0x08000755   Thumb Code     8  libspace.o(.text)
    __user_perproc_libspace                  0x08000755   Thumb Code     0  libspace.o(.text)
    __user_perthread_libspace                0x08000755   Thumb Code     0  libspace.o(.text)
    _sys_exit                                0x0800075d   Thumb Code     8  sys_exit.o(.text)
    __I$use$semihosting                      0x08000769   Thumb Code     0  use_no_semi.o(.text)
    __use_no_semihosting_swi                 0x08000769   Thumb Code     2  use_no_semi.o(.text)
    __semihosting_library_function           0x0800076b   Thumb Code     0  indicate_semi.o(.text)
    ADC_Disable                              0x0800076d   Thumb Code   106  stm32g4xx_hal_adc.o(i.ADC_Disable)
    ADC_Enable                               0x080007dd   Thumb Code   154  stm32g4xx_hal_adc.o(i.ADC_Enable)
    ADC_Proc                                 0x08000889   Thumb Code    94  main.o(i.ADC_Proc)
    ADC_Scan                                 0x080008f1   Thumb Code    56  myadc.o(i.ADC_Scan)
    BusFault_Handler                         0x08000935   Thumb Code     2  stm32g4xx_it.o(i.BusFault_Handler)
    DebugMon_Handler                         0x08000937   Thumb Code     2  stm32g4xx_it.o(i.DebugMon_Handler)
    Delay_LCD                                0x08000939   Thumb Code    28  lcd.o(i.Delay_LCD)
    Error_Handler                            0x08000955   Thumb Code     4  main.o(i.Error_Handler)
    HAL_ADCEx_Calibration_Start              0x08000959   Thumb Code   138  stm32g4xx_hal_adc_ex.o(i.HAL_ADCEx_Calibration_Start)
    HAL_ADCEx_MultiModeConfigChannel         0x080009ed   Thumb Code   208  stm32g4xx_hal_adc_ex.o(i.HAL_ADCEx_MultiModeConfigChannel)
    HAL_ADC_ConfigChannel                    0x08000ac5   Thumb Code  1006  stm32g4xx_hal_adc.o(i.HAL_ADC_ConfigChannel)
    HAL_ADC_GetValue                         0x08000ee9   Thumb Code     6  stm32g4xx_hal_adc.o(i.HAL_ADC_GetValue)
    HAL_ADC_Init                             0x08000ef1   Thumb Code   466  stm32g4xx_hal_adc.o(i.HAL_ADC_Init)
    HAL_ADC_MspInit                          0x080010e5   Thumb Code   210  adc.o(i.HAL_ADC_MspInit)
    HAL_ADC_PollForConversion                0x080011c9   Thumb Code   242  stm32g4xx_hal_adc.o(i.HAL_ADC_PollForConversion)
    HAL_ADC_Start                            0x080012c5   Thumb Code   230  stm32g4xx_hal_adc.o(i.HAL_ADC_Start)
    HAL_Delay                                0x080013b9   Thumb Code    32  stm32g4xx_hal.o(i.HAL_Delay)
    HAL_GPIO_Init                            0x080013dd   Thumb Code   550  stm32g4xx_hal_gpio.o(i.HAL_GPIO_Init)
    HAL_GPIO_ReadPin                         0x08001625   Thumb Code    10  stm32g4xx_hal_gpio.o(i.HAL_GPIO_ReadPin)
    HAL_GPIO_WritePin                        0x0800162f   Thumb Code    10  stm32g4xx_hal_gpio.o(i.HAL_GPIO_WritePin)
    HAL_GetTick                              0x08001639   Thumb Code     6  stm32g4xx_hal.o(i.HAL_GetTick)
    HAL_IncTick                              0x08001645   Thumb Code    12  stm32g4xx_hal.o(i.HAL_IncTick)
    HAL_Init                                 0x08001655   Thumb Code    30  stm32g4xx_hal.o(i.HAL_Init)
    HAL_InitTick                             0x08001675   Thumb Code    58  stm32g4xx_hal.o(i.HAL_InitTick)
    HAL_MspInit                              0x080016b9   Thumb Code    42  stm32g4xx_hal_msp.o(i.HAL_MspInit)
    HAL_NVIC_EnableIRQ                       0x080016e9   Thumb Code    26  stm32g4xx_hal_cortex.o(i.HAL_NVIC_EnableIRQ)
    HAL_NVIC_SetPriority                     0x08001705   Thumb Code    60  stm32g4xx_hal_cortex.o(i.HAL_NVIC_SetPriority)
    HAL_NVIC_SetPriorityGrouping             0x08001745   Thumb Code    26  stm32g4xx_hal_cortex.o(i.HAL_NVIC_SetPriorityGrouping)
    HAL_PWREx_ControlVoltageScaling          0x08001769   Thumb Code   174  stm32g4xx_hal_pwr_ex.o(i.HAL_PWREx_ControlVoltageScaling)
    HAL_PWREx_DisableUCPDDeadBattery         0x08001825   Thumb Code    12  stm32g4xx_hal_pwr_ex.o(i.HAL_PWREx_DisableUCPDDeadBattery)
    HAL_RCCEx_PeriphCLKConfig                0x08001835   Thumb Code   638  stm32g4xx_hal_rcc_ex.o(i.HAL_RCCEx_PeriphCLKConfig)
    HAL_RCC_ClockConfig                      0x08001abd   Thumb Code   444  stm32g4xx_hal_rcc.o(i.HAL_RCC_ClockConfig)
    HAL_RCC_GetSysClockFreq                  0x08001c99   Thumb Code    98  stm32g4xx_hal_rcc.o(i.HAL_RCC_GetSysClockFreq)
    HAL_RCC_OscConfig                        0x08001d09   Thumb Code  1028  stm32g4xx_hal_rcc.o(i.HAL_RCC_OscConfig)
    HAL_SYSTICK_Config                       0x0800210d   Thumb Code    40  stm32g4xx_hal_cortex.o(i.HAL_SYSTICK_Config)
    HAL_TIMEx_Break2Callback                 0x08002135   Thumb Code     2  stm32g4xx_hal_tim_ex.o(i.HAL_TIMEx_Break2Callback)
    HAL_TIMEx_BreakCallback                  0x08002137   Thumb Code     2  stm32g4xx_hal_tim_ex.o(i.HAL_TIMEx_BreakCallback)
    HAL_TIMEx_CommutCallback                 0x08002139   Thumb Code     2  stm32g4xx_hal_tim_ex.o(i.HAL_TIMEx_CommutCallback)
    HAL_TIMEx_DirectionChangeCallback        0x0800213b   Thumb Code     2  stm32g4xx_hal_tim_ex.o(i.HAL_TIMEx_DirectionChangeCallback)
    HAL_TIMEx_EncoderIndexCallback           0x0800213d   Thumb Code     2  stm32g4xx_hal_tim_ex.o(i.HAL_TIMEx_EncoderIndexCallback)
    HAL_TIMEx_IndexErrorCallback             0x0800213f   Thumb Code     2  stm32g4xx_hal_tim_ex.o(i.HAL_TIMEx_IndexErrorCallback)
    HAL_TIMEx_MasterConfigSynchronization    0x08002141   Thumb Code   132  stm32g4xx_hal_tim_ex.o(i.HAL_TIMEx_MasterConfigSynchronization)
    HAL_TIMEx_TransitionErrorCallback        0x080021dd   Thumb Code     2  stm32g4xx_hal_tim_ex.o(i.HAL_TIMEx_TransitionErrorCallback)
    HAL_TIM_Base_Init                        0x080021df   Thumb Code    98  stm32g4xx_hal_tim.o(i.HAL_TIM_Base_Init)
    HAL_TIM_Base_MspInit                     0x08002241   Thumb Code   130  tim.o(i.HAL_TIM_Base_MspInit)
    HAL_TIM_ConfigClockSource                0x080022cd   Thumb Code   246  stm32g4xx_hal_tim.o(i.HAL_TIM_ConfigClockSource)
    HAL_TIM_IC_CaptureCallback               0x080023cd   Thumb Code    28  pulsein.o(i.HAL_TIM_IC_CaptureCallback)
    HAL_TIM_IC_ConfigChannel                 0x080023f5   Thumb Code   292  stm32g4xx_hal_tim.o(i.HAL_TIM_IC_ConfigChannel)
    HAL_TIM_IC_Init                          0x08002519   Thumb Code    98  stm32g4xx_hal_tim.o(i.HAL_TIM_IC_Init)
    HAL_TIM_IC_MspInit                       0x0800257b   Thumb Code     2  stm32g4xx_hal_tim.o(i.HAL_TIM_IC_MspInit)
    HAL_TIM_IC_Start_IT                      0x0800257d   Thumb Code   274  stm32g4xx_hal_tim.o(i.HAL_TIM_IC_Start_IT)
    HAL_TIM_IRQHandler                       0x080026a9   Thumb Code   418  stm32g4xx_hal_tim.o(i.HAL_TIM_IRQHandler)
    HAL_TIM_MspPostInit                      0x0800284d   Thumb Code    70  tim.o(i.HAL_TIM_MspPostInit)
    HAL_TIM_OC_DelayElapsedCallback          0x0800289d   Thumb Code     2  stm32g4xx_hal_tim.o(i.HAL_TIM_OC_DelayElapsedCallback)
    HAL_TIM_PWM_ConfigChannel                0x0800289f   Thumb Code   292  stm32g4xx_hal_tim.o(i.HAL_TIM_PWM_ConfigChannel)
    HAL_TIM_PWM_Init                         0x080029c3   Thumb Code    98  stm32g4xx_hal_tim.o(i.HAL_TIM_PWM_Init)
    HAL_TIM_PWM_MspInit                      0x08002a25   Thumb Code     2  stm32g4xx_hal_tim.o(i.HAL_TIM_PWM_MspInit)
    HAL_TIM_PWM_PulseFinishedCallback        0x08002a27   Thumb Code     2  stm32g4xx_hal_tim.o(i.HAL_TIM_PWM_PulseFinishedCallback)
    HAL_TIM_PWM_Start                        0x08002a29   Thumb Code   218  stm32g4xx_hal_tim.o(i.HAL_TIM_PWM_Start)
    HAL_TIM_PeriodElapsedCallback            0x08002b25   Thumb Code     2  stm32g4xx_hal_tim.o(i.HAL_TIM_PeriodElapsedCallback)
    HAL_TIM_TriggerCallback                  0x08002b27   Thumb Code     2  stm32g4xx_hal_tim.o(i.HAL_TIM_TriggerCallback)
    HardFault_Handler                        0x08002b29   Thumb Code     2  stm32g4xx_it.o(i.HardFault_Handler)
    KEY_GetFlag                              0x08002b2d   Thumb Code    10  key.o(i.KEY_GetFlag)
    KEY_Proc                                 0x08002b3d   Thumb Code   258  main.o(i.KEY_Proc)
    KEY_Scan                                 0x08002c45   Thumb Code   114  key.o(i.KEY_Scan)
    LCD_BusIn                                0x08002cc1   Thumb Code    40  lcd.o(i.LCD_BusIn)
    LCD_BusOut                               0x08002ced   Thumb Code    42  lcd.o(i.LCD_BusOut)
    LCD_Clear                                0x08002d1d   Thumb Code    36  lcd.o(i.LCD_Clear)
    LCD_CtrlLinesConfig                      0x08002d41   Thumb Code   134  lcd.o(i.LCD_CtrlLinesConfig)
    LCD_DisplayChar                          0x08002dd1   Thumb Code    18  lcd.o(i.LCD_DisplayChar)
    LCD_DisplayStringLine                    0x08002de9   Thumb Code    42  lcd.o(i.LCD_DisplayStringLine)
    LCD_DrawChar                             0x08002e15   Thumb Code    84  lcd.o(i.LCD_DrawChar)
    LCD_Init                                 0x08002e6d   Thumb Code    46  lcd.o(i.LCD_Init)
    LCD_ReadReg                              0x08002ea1   Thumb Code   120  lcd.o(i.LCD_ReadReg)
    LCD_SetBackColor                         0x08002f21   Thumb Code    12  lcd.o(i.LCD_SetBackColor)
    LCD_SetCursor                            0x08002f31   Thumb Code    24  lcd.o(i.LCD_SetCursor)
    LCD_SetTextColor                         0x08002f49   Thumb Code    12  lcd.o(i.LCD_SetTextColor)
    LCD_WriteRAM                             0x08002f59   Thumb Code    80  lcd.o(i.LCD_WriteRAM)
    LCD_WriteRAM_Prepare                     0x08002fb1   Thumb Code    82  lcd.o(i.LCD_WriteRAM_Prepare)
    LCD_WriteReg                             0x0800300d   Thumb Code   100  lcd.o(i.LCD_WriteReg)
    LED_Proc                                 0x08003079   Thumb Code    72  main.o(i.LED_Proc)
    LED_Reset                                0x080030c5   Thumb Code    16  led.o(i.LED_Reset)
    LED_Set                                  0x080030d9   Thumb Code    16  led.o(i.LED_Set)
    LED_Updata                               0x080030ed   Thumb Code    40  led.o(i.LED_Updata)
    MX_ADC1_Init                             0x08003185   Thumb Code   136  adc.o(i.MX_ADC1_Init)
    MX_ADC2_Init                             0x08003215   Thumb Code   110  adc.o(i.MX_ADC2_Init)
    MX_GPIO_Init                             0x08003291   Thumb Code   196  gpio.o(i.MX_GPIO_Init)
    MX_TIM2_Init                             0x08003365   Thumb Code   144  tim.o(i.MX_TIM2_Init)
    MX_TIM3_Init                             0x080033f9   Thumb Code   146  tim.o(i.MX_TIM3_Init)
    MemManage_Handler                        0x08003495   Thumb Code     2  stm32g4xx_it.o(i.MemManage_Handler)
    NMI_Handler                              0x08003497   Thumb Code     2  stm32g4xx_it.o(i.NMI_Handler)
    PWM_Proc                                 0x08003499   Thumb Code    80  main.o(i.PWM_Proc)
    PWM_Updata                               0x080034f9   Thumb Code    24  pwmout.o(i.PWM_Updata)
    PendSV_Handler                           0x0800351d   Thumb Code     2  stm32g4xx_it.o(i.PendSV_Handler)
    REG_8230_Init                            0x0800351f   Thumb Code   274  lcd.o(i.REG_8230_Init)
    REG_932X_Init                            0x08003631   Thumb Code   514  lcd.o(i.REG_932X_Init)
    SVC_Handler                              0x08003833   Thumb Code     2  stm32g4xx_it.o(i.SVC_Handler)
    SysTick_Handler                          0x08003835   Thumb Code    24  stm32g4xx_it.o(i.SysTick_Handler)
    SystemClock_Config                       0x08003855   Thumb Code   102  main.o(i.SystemClock_Config)
    SystemInit                               0x080038bd   Thumb Code    12  system_stm32g4xx.o(i.SystemInit)
    TIM2_IRQHandler                          0x080038cd   Thumb Code     6  stm32g4xx_it.o(i.TIM2_IRQHandler)
    TIM_Base_SetConfig                       0x080038d9   Thumb Code   160  stm32g4xx_hal_tim.o(i.TIM_Base_SetConfig)
    TIM_CCxChannelCmd                        0x08003995   Thumb Code    26  stm32g4xx_hal_tim.o(i.TIM_CCxChannelCmd)
    TIM_ETR_SetConfig                        0x080039af   Thumb Code    20  stm32g4xx_hal_tim.o(i.TIM_ETR_SetConfig)
    TIM_OC2_SetConfig                        0x08003a75   Thumb Code   120  stm32g4xx_hal_tim.o(i.TIM_OC2_SetConfig)
    TIM_Proc                                 0x08003d05   Thumb Code    64  main.o(i.TIM_Proc)
    TIM_TI1_SetConfig                        0x08003d71   Thumb Code    88  stm32g4xx_hal_tim.o(i.TIM_TI1_SetConfig)
    UI_Proc                                  0x08003e39   Thumb Code   300  main.o(i.UI_Proc)
    UsageFault_Handler                       0x08004079   Thumb Code     2  stm32g4xx_it.o(i.UsageFault_Handler)
    _is_digit                                0x0800409b   Thumb Code    14  __printf_wp.o(i._is_digit)
    main                                     0x080040a9   Thumb Code   110  main.o(i.main)
    _fp_init                                 0x08004129   Thumb Code    10  fpinit.o(x$fpl$fpinit)
    __fplib_config_fpu_vfp                   0x08004131   Thumb Code     0  fpinit.o(x$fpl$fpinit)
    __fplib_config_pureend_doubles           0x08004131   Thumb Code     0  fpinit.o(x$fpl$fpinit)
    AHBPrescTable                            0x08004132   Data          16  system_stm32g4xx.o(.constdata)
    ASCII_Table                              0x08004142   Data        4560  lcd.o(.constdata)
    Region$$Table$$Base                      0x08005324   Number         0  anon$$obj.o(Region$$Table)
    Region$$Table$$Limit                     0x08005344   Number         0  anon$$obj.o(Region$$Table)
    page                                     0x20000000   Data           1  main.o(.data)
    line                                     0x20000001   Data           1  main.o(.data)
    DS                                       0x20000002   Data           1  main.o(.data)
    DR                                       0x20000003   Data           1  main.o(.data)
    para_DS                                  0x20000004   Data           1  main.o(.data)
    para_DR                                  0x20000005   Data           1  main.o(.data)
    CD                                       0x20000007   Data           1  main.o(.data)
    ST                                       0x20000008   Data           1  main.o(.data)
    recd_CD                                  0x20000009   Data           1  main.o(.data)
    FS                                       0x2000000a   Data           2  main.o(.data)
    FR                                       0x2000000c   Data           2  main.o(.data)
    para_FS                                  0x2000000e   Data           2  main.o(.data)
    para_FR                                  0x20000010   Data           2  main.o(.data)
    CF                                       0x20000012   Data           2  main.o(.data)
    DF                                       0x20000014   Data           2  main.o(.data)
    recd_CF                                  0x20000016   Data           2  main.o(.data)
    recd_DF                                  0x20000018   Data           2  main.o(.data)
    recd_XF                                  0x2000001a   Data           2  main.o(.data)
    real_time                                0x2000001c   Data           4  main.o(.data)
    real_time_h                              0x20000020   Data           4  main.o(.data)
    real_time_m                              0x20000024   Data           4  main.o(.data)
    real_time_s                              0x20000028   Data           4  main.o(.data)
    recd_run_time                            0x2000002c   Data          20  main.o(.data)
    uwTickPrio                               0x20000044   Data           4  stm32g4xx_hal.o(.data)
    uwTickFreq                               0x20000048   Data           4  stm32g4xx_hal.o(.data)
    uwTick                                   0x2000004c   Data           4  stm32g4xx_hal.o(.data)
    SystemCoreClock                          0x20000050   Data           4  system_stm32g4xx.o(.data)
    dummy                                    0x20000058   Data           2  lcd.o(.data)
    led                                      0x2000005a   Data           1  led.o(.data)
    vol                                      0x2000005c   Data           4  myadc.o(.data)
    pul                                      0x20000060   Data           4  pulsein.o(.data)
    pwm                                      0x20000064   Data           4  pwmout.o(.data)
    run_time                                 0x20000068   Data          20  main.o(.bss)
    hadc1                                    0x2000007c   Data         108  adc.o(.bss)
    hadc2                                    0x200000e8   Data         108  adc.o(.bss)
    htim2                                    0x20000154   Data          76  tim.o(.bss)
    htim3                                    0x200001a0   Data          76  tim.o(.bss)
    key                                      0x200001ec   Data          12  key.o(.bss)
    __libspace_start                         0x200001f8   Data          96  libspace.o(.bss)
    __temporary_stack_top$libspace           0x20000258   Data           0  libspace.o(.bss)



==============================================================================

Memory Map of the image

  Image Entry point : 0x080001d9

  Load Region LR_IROM1 (Base: 0x08000000, Size: 0x000053ac, Max: 0x00020000, ABSOLUTE)

    Execution Region ER_IROM1 (Exec base: 0x08000000, Load base: 0x08000000, Size: 0x00005344, Max: 0x00020000, ABSOLUTE)

    Exec Addr    Load Addr    Size         Type   Attr      Idx    E Section Name        Object

    0x08000000   0x08000000   0x000001d8   Data   RO            3    RESET               startup_stm32g431xx.o
    0x080001d8   0x080001d8   0x00000008   Code   RO         4026  * !!!main             c_w.l(__main.o)
    0x080001e0   0x080001e0   0x00000034   Code   RO         4194    !!!scatter          c_w.l(__scatter.o)
    0x08000214   0x08000214   0x0000001a   Code   RO         4196    !!handler_copy      c_w.l(__scatter_copy.o)
    0x0800022e   0x0800022e   0x00000002   PAD
    0x08000230   0x08000230   0x0000001c   Code   RO         4198    !!handler_zi        c_w.l(__scatter_zi.o)
    0x0800024c   0x0800024c   0x00000000   Code   RO         4019    .ARM.Collect$$_printf_percent$$00000000  c_w.l(_printf_percent.o)
    0x0800024c   0x0800024c   0x00000006   Code   RO         4018    .ARM.Collect$$_printf_percent$$00000009  c_w.l(_printf_d.o)
    0x08000252   0x08000252   0x00000006   Code   RO         4017    .ARM.Collect$$_printf_percent$$00000014  c_w.l(_printf_s.o)
    0x08000258   0x08000258   0x00000004   Code   RO         4037    .ARM.Collect$$_printf_percent$$00000017  c_w.l(_printf_percent_end.o)
    0x0800025c   0x0800025c   0x00000002   Code   RO         4064    .ARM.Collect$$libinit$$00000000  c_w.l(libinit.o)
    0x0800025e   0x0800025e   0x00000004   Code   RO         4070    .ARM.Collect$$libinit$$00000001  c_w.l(libinit2.o)
    0x08000262   0x08000262   0x00000000   Code   RO         4073    .ARM.Collect$$libinit$$00000004  c_w.l(libinit2.o)
    0x08000262   0x08000262   0x00000000   Code   RO         4076    .ARM.Collect$$libinit$$0000000A  c_w.l(libinit2.o)
    0x08000262   0x08000262   0x00000000   Code   RO         4078    .ARM.Collect$$libinit$$0000000C  c_w.l(libinit2.o)
    0x08000262   0x08000262   0x00000000   Code   RO         4080    .ARM.Collect$$libinit$$0000000E  c_w.l(libinit2.o)
    0x08000262   0x08000262   0x00000000   Code   RO         4083    .ARM.Collect$$libinit$$00000011  c_w.l(libinit2.o)
    0x08000262   0x08000262   0x00000000   Code   RO         4085    .ARM.Collect$$libinit$$00000013  c_w.l(libinit2.o)
    0x08000262   0x08000262   0x00000000   Code   RO         4087    .ARM.Collect$$libinit$$00000015  c_w.l(libinit2.o)
    0x08000262   0x08000262   0x00000000   Code   RO         4089    .ARM.Collect$$libinit$$00000017  c_w.l(libinit2.o)
    0x08000262   0x08000262   0x00000000   Code   RO         4091    .ARM.Collect$$libinit$$00000019  c_w.l(libinit2.o)
    0x08000262   0x08000262   0x00000000   Code   RO         4093    .ARM.Collect$$libinit$$0000001B  c_w.l(libinit2.o)
    0x08000262   0x08000262   0x00000000   Code   RO         4095    .ARM.Collect$$libinit$$0000001D  c_w.l(libinit2.o)
    0x08000262   0x08000262   0x00000000   Code   RO         4097    .ARM.Collect$$libinit$$0000001F  c_w.l(libinit2.o)
    0x08000262   0x08000262   0x00000000   Code   RO         4099    .ARM.Collect$$libinit$$00000021  c_w.l(libinit2.o)
    0x08000262   0x08000262   0x00000000   Code   RO         4101    .ARM.Collect$$libinit$$00000023  c_w.l(libinit2.o)
    0x08000262   0x08000262   0x00000000   Code   RO         4103    .ARM.Collect$$libinit$$00000025  c_w.l(libinit2.o)
    0x08000262   0x08000262   0x00000000   Code   RO         4107    .ARM.Collect$$libinit$$0000002C  c_w.l(libinit2.o)
    0x08000262   0x08000262   0x00000000   Code   RO         4109    .ARM.Collect$$libinit$$0000002E  c_w.l(libinit2.o)
    0x08000262   0x08000262   0x00000000   Code   RO         4111    .ARM.Collect$$libinit$$00000030  c_w.l(libinit2.o)
    0x08000262   0x08000262   0x00000000   Code   RO         4113    .ARM.Collect$$libinit$$00000032  c_w.l(libinit2.o)
    0x08000262   0x08000262   0x00000002   Code   RO         4114    .ARM.Collect$$libinit$$00000033  c_w.l(libinit2.o)
    0x08000264   0x08000264   0x00000002   Code   RO         4134    .ARM.Collect$$libshutdown$$00000000  c_w.l(libshutdown.o)
    0x08000266   0x08000266   0x00000000   Code   RO         4147    .ARM.Collect$$libshutdown$$00000002  c_w.l(libshutdown2.o)
    0x08000266   0x08000266   0x00000000   Code   RO         4149    .ARM.Collect$$libshutdown$$00000004  c_w.l(libshutdown2.o)
    0x08000266   0x08000266   0x00000000   Code   RO         4152    .ARM.Collect$$libshutdown$$00000007  c_w.l(libshutdown2.o)
    0x08000266   0x08000266   0x00000000   Code   RO         4155    .ARM.Collect$$libshutdown$$0000000A  c_w.l(libshutdown2.o)
    0x08000266   0x08000266   0x00000000   Code   RO         4157    .ARM.Collect$$libshutdown$$0000000C  c_w.l(libshutdown2.o)
    0x08000266   0x08000266   0x00000000   Code   RO         4160    .ARM.Collect$$libshutdown$$0000000F  c_w.l(libshutdown2.o)
    0x08000266   0x08000266   0x00000002   Code   RO         4161    .ARM.Collect$$libshutdown$$00000010  c_w.l(libshutdown2.o)
    0x08000268   0x08000268   0x00000000   Code   RO         4028    .ARM.Collect$$rtentry$$00000000  c_w.l(__rtentry.o)
    0x08000268   0x08000268   0x00000000   Code   RO         4039    .ARM.Collect$$rtentry$$00000002  c_w.l(__rtentry2.o)
    0x08000268   0x08000268   0x00000006   Code   RO         4051    .ARM.Collect$$rtentry$$00000004  c_w.l(__rtentry4.o)
    0x0800026e   0x0800026e   0x00000000   Code   RO         4041    .ARM.Collect$$rtentry$$00000009  c_w.l(__rtentry2.o)
    0x0800026e   0x0800026e   0x00000004   Code   RO         4042    .ARM.Collect$$rtentry$$0000000A  c_w.l(__rtentry2.o)
    0x08000272   0x08000272   0x00000000   Code   RO         4044    .ARM.Collect$$rtentry$$0000000C  c_w.l(__rtentry2.o)
    0x08000272   0x08000272   0x00000008   Code   RO         4045    .ARM.Collect$$rtentry$$0000000D  c_w.l(__rtentry2.o)
    0x0800027a   0x0800027a   0x00000002   Code   RO         4068    .ARM.Collect$$rtexit$$00000000  c_w.l(rtexit.o)
    0x0800027c   0x0800027c   0x00000000   Code   RO         4116    .ARM.Collect$$rtexit$$00000002  c_w.l(rtexit2.o)
    0x0800027c   0x0800027c   0x00000004   Code   RO         4117    .ARM.Collect$$rtexit$$00000003  c_w.l(rtexit2.o)
    0x08000280   0x08000280   0x00000006   Code   RO         4118    .ARM.Collect$$rtexit$$00000004  c_w.l(rtexit2.o)
    0x08000286   0x08000286   0x00000002   PAD
    0x08000288   0x08000288   0x00000040   Code   RO            4    .text               startup_stm32g431xx.o
    0x080002c8   0x080002c8   0x00000028   Code   RO         3987    .text               c_w.l(noretval__2sprintf.o)
    0x080002f0   0x080002f0   0x0000004e   Code   RO         3991    .text               c_w.l(_printf_pad.o)
    0x0800033e   0x0800033e   0x00000052   Code   RO         3993    .text               c_w.l(_printf_str.o)
    0x08000390   0x08000390   0x00000078   Code   RO         3995    .text               c_w.l(_printf_dec.o)
    0x08000408   0x08000408   0x00000138   Code   RO         4009    .text               c_w.l(__printf_flags_wp.o)
    0x08000540   0x08000540   0x00000048   Code   RO         4020    .text               c_w.l(strcpy.o)
    0x08000588   0x08000588   0x0000004e   Code   RO         4022    .text               c_w.l(rt_memclr_w.o)
    0x080005d6   0x080005d6   0x00000006   Code   RO         4024    .text               c_w.l(heapauxi.o)
    0x080005dc   0x080005dc   0x000000b2   Code   RO         4029    .text               c_w.l(_printf_intcommon.o)
    0x0800068e   0x0800068e   0x00000002   PAD
    0x08000690   0x08000690   0x00000030   Code   RO         4031    .text               c_w.l(_printf_char_common.o)
    0x080006c0   0x080006c0   0x0000000a   Code   RO         4033    .text               c_w.l(_sputc.o)
    0x080006ca   0x080006ca   0x0000002c   Code   RO         4035    .text               c_w.l(_printf_char.o)
    0x080006f6   0x080006f6   0x0000004a   Code   RO         4055    .text               c_w.l(sys_stackheap_outer.o)
    0x08000740   0x08000740   0x00000012   Code   RO         4057    .text               c_w.l(exit.o)
    0x08000752   0x08000752   0x00000002   PAD
    0x08000754   0x08000754   0x00000008   Code   RO         4065    .text               c_w.l(libspace.o)
    0x0800075c   0x0800075c   0x0000000c   Code   RO         4126    .text               c_w.l(sys_exit.o)
    0x08000768   0x08000768   0x00000002   Code   RO         4137    .text               c_w.l(use_no_semi.o)
    0x0800076a   0x0800076a   0x00000000   Code   RO         4139    .text               c_w.l(indicate_semi.o)
    0x0800076a   0x0800076a   0x00000002   PAD
    0x0800076c   0x0800076c   0x00000070   Code   RO          475    i.ADC_Disable       stm32g4xx_hal_adc.o
    0x080007dc   0x080007dc   0x000000ac   Code   RO          476    i.ADC_Enable        stm32g4xx_hal_adc.o
    0x08000888   0x08000888   0x00000068   Code   RO           13    i.ADC_Proc          main.o
    0x080008f0   0x080008f0   0x00000044   Code   RO         3890    i.ADC_Scan          myadc.o
    0x08000934   0x08000934   0x00000002   Code   RO          365    i.BusFault_Handler  stm32g4xx_it.o
    0x08000936   0x08000936   0x00000002   Code   RO          366    i.DebugMon_Handler  stm32g4xx_it.o
    0x08000938   0x08000938   0x0000001c   Code   RO         3642    i.Delay_LCD         lcd.o
    0x08000954   0x08000954   0x00000004   Code   RO           14    i.Error_Handler     main.o
    0x08000958   0x08000958   0x00000094   Code   RO          709    i.HAL_ADCEx_Calibration_Start  stm32g4xx_hal_adc_ex.o
    0x080009ec   0x080009ec   0x000000d8   Code   RO          726    i.HAL_ADCEx_MultiModeConfigChannel  stm32g4xx_hal_adc_ex.o
    0x08000ac4   0x08000ac4   0x00000424   Code   RO          478    i.HAL_ADC_ConfigChannel  stm32g4xx_hal_adc.o
    0x08000ee8   0x08000ee8   0x00000006   Code   RO          485    i.HAL_ADC_GetValue  stm32g4xx_hal_adc.o
    0x08000eee   0x08000eee   0x00000002   PAD
    0x08000ef0   0x08000ef0   0x000001f4   Code   RO          487    i.HAL_ADC_Init      stm32g4xx_hal_adc.o
    0x080010e4   0x080010e4   0x000000e4   Code   RO          263    i.HAL_ADC_MspInit   adc.o
    0x080011c8   0x080011c8   0x000000fc   Code   RO          491    i.HAL_ADC_PollForConversion  stm32g4xx_hal_adc.o
    0x080012c4   0x080012c4   0x000000f4   Code   RO          493    i.HAL_ADC_Start     stm32g4xx_hal_adc.o
    0x080013b8   0x080013b8   0x00000024   Code   RO          925    i.HAL_Delay         stm32g4xx_hal.o
    0x080013dc   0x080013dc   0x00000248   Code   RO         1634    i.HAL_GPIO_Init     stm32g4xx_hal_gpio.o
    0x08001624   0x08001624   0x0000000a   Code   RO         1636    i.HAL_GPIO_ReadPin  stm32g4xx_hal_gpio.o
    0x0800162e   0x0800162e   0x0000000a   Code   RO         1638    i.HAL_GPIO_WritePin  stm32g4xx_hal_gpio.o
    0x08001638   0x08001638   0x0000000c   Code   RO          929    i.HAL_GetTick       stm32g4xx_hal.o
    0x08001644   0x08001644   0x00000010   Code   RO          935    i.HAL_IncTick       stm32g4xx_hal.o
    0x08001654   0x08001654   0x0000001e   Code   RO          936    i.HAL_Init          stm32g4xx_hal.o
    0x08001672   0x08001672   0x00000002   PAD
    0x08001674   0x08001674   0x00000044   Code   RO          937    i.HAL_InitTick      stm32g4xx_hal.o
    0x080016b8   0x080016b8   0x00000030   Code   RO          447    i.HAL_MspInit       stm32g4xx_hal_msp.o
    0x080016e8   0x080016e8   0x0000001a   Code   RO         2283    i.HAL_NVIC_EnableIRQ  stm32g4xx_hal_cortex.o
    0x08001702   0x08001702   0x00000002   PAD
    0x08001704   0x08001704   0x00000040   Code   RO         2289    i.HAL_NVIC_SetPriority  stm32g4xx_hal_cortex.o
    0x08001744   0x08001744   0x00000024   Code   RO         2290    i.HAL_NVIC_SetPriorityGrouping  stm32g4xx_hal_cortex.o
    0x08001768   0x08001768   0x000000bc   Code   RO         2037    i.HAL_PWREx_ControlVoltageScaling  stm32g4xx_hal_pwr_ex.o
    0x08001824   0x08001824   0x00000010   Code   RO         2049    i.HAL_PWREx_DisableUCPDDeadBattery  stm32g4xx_hal_pwr_ex.o
    0x08001834   0x08001834   0x00000288   Code   RO         1296    i.HAL_RCCEx_PeriphCLKConfig  stm32g4xx_hal_rcc_ex.o
    0x08001abc   0x08001abc   0x000001dc   Code   RO         1171    i.HAL_RCC_ClockConfig  stm32g4xx_hal_rcc.o
    0x08001c98   0x08001c98   0x00000070   Code   RO         1181    i.HAL_RCC_GetSysClockFreq  stm32g4xx_hal_rcc.o
    0x08001d08   0x08001d08   0x00000404   Code   RO         1184    i.HAL_RCC_OscConfig  stm32g4xx_hal_rcc.o
    0x0800210c   0x0800210c   0x00000028   Code   RO         2294    i.HAL_SYSTICK_Config  stm32g4xx_hal_cortex.o
    0x08002134   0x08002134   0x00000002   Code   RO         3139    i.HAL_TIMEx_Break2Callback  stm32g4xx_hal_tim_ex.o
    0x08002136   0x08002136   0x00000002   Code   RO         3140    i.HAL_TIMEx_BreakCallback  stm32g4xx_hal_tim_ex.o
    0x08002138   0x08002138   0x00000002   Code   RO         3141    i.HAL_TIMEx_CommutCallback  stm32g4xx_hal_tim_ex.o
    0x0800213a   0x0800213a   0x00000002   Code   RO         3152    i.HAL_TIMEx_DirectionChangeCallback  stm32g4xx_hal_tim_ex.o
    0x0800213c   0x0800213c   0x00000002   Code   RO         3166    i.HAL_TIMEx_EncoderIndexCallback  stm32g4xx_hal_tim_ex.o
    0x0800213e   0x0800213e   0x00000002   Code   RO         3180    i.HAL_TIMEx_IndexErrorCallback  stm32g4xx_hal_tim_ex.o
    0x08002140   0x08002140   0x0000009c   Code   RO         3181    i.HAL_TIMEx_MasterConfigSynchronization  stm32g4xx_hal_tim_ex.o
    0x080021dc   0x080021dc   0x00000002   Code   RO         3202    i.HAL_TIMEx_TransitionErrorCallback  stm32g4xx_hal_tim_ex.o
    0x080021de   0x080021de   0x00000062   Code   RO         2425    i.HAL_TIM_Base_Init  stm32g4xx_hal_tim.o
    0x08002240   0x08002240   0x0000008c   Code   RO          312    i.HAL_TIM_Base_MspInit  tim.o
    0x080022cc   0x080022cc   0x00000100   Code   RO         2434    i.HAL_TIM_ConfigClockSource  stm32g4xx_hal_tim.o
    0x080023cc   0x080023cc   0x00000028   Code   RO         3920    i.HAL_TIM_IC_CaptureCallback  pulsein.o
    0x080023f4   0x080023f4   0x00000124   Code   RO         2461    i.HAL_TIM_IC_ConfigChannel  stm32g4xx_hal_tim.o
    0x08002518   0x08002518   0x00000062   Code   RO         2464    i.HAL_TIM_IC_Init   stm32g4xx_hal_tim.o
    0x0800257a   0x0800257a   0x00000002   Code   RO         2466    i.HAL_TIM_IC_MspInit  stm32g4xx_hal_tim.o
    0x0800257c   0x0800257c   0x0000012c   Code   RO         2469    i.HAL_TIM_IC_Start_IT  stm32g4xx_hal_tim.o
    0x080026a8   0x080026a8   0x000001a2   Code   RO         2473    i.HAL_TIM_IRQHandler  stm32g4xx_hal_tim.o
    0x0800284a   0x0800284a   0x00000002   PAD
    0x0800284c   0x0800284c   0x00000050   Code   RO          313    i.HAL_TIM_MspPostInit  tim.o
    0x0800289c   0x0800289c   0x00000002   Code   RO         2476    i.HAL_TIM_OC_DelayElapsedCallback  stm32g4xx_hal_tim.o
    0x0800289e   0x0800289e   0x00000124   Code   RO         2497    i.HAL_TIM_PWM_ConfigChannel  stm32g4xx_hal_tim.o
    0x080029c2   0x080029c2   0x00000062   Code   RO         2500    i.HAL_TIM_PWM_Init  stm32g4xx_hal_tim.o
    0x08002a24   0x08002a24   0x00000002   Code   RO         2502    i.HAL_TIM_PWM_MspInit  stm32g4xx_hal_tim.o
    0x08002a26   0x08002a26   0x00000002   Code   RO         2503    i.HAL_TIM_PWM_PulseFinishedCallback  stm32g4xx_hal_tim.o
    0x08002a28   0x08002a28   0x000000fc   Code   RO         2505    i.HAL_TIM_PWM_Start  stm32g4xx_hal_tim.o
    0x08002b24   0x08002b24   0x00000002   Code   RO         2511    i.HAL_TIM_PeriodElapsedCallback  stm32g4xx_hal_tim.o
    0x08002b26   0x08002b26   0x00000002   Code   RO         2516    i.HAL_TIM_TriggerCallback  stm32g4xx_hal_tim.o
    0x08002b28   0x08002b28   0x00000002   Code   RO          367    i.HardFault_Handler  stm32g4xx_it.o
    0x08002b2a   0x08002b2a   0x00000002   PAD
    0x08002b2c   0x08002b2c   0x00000010   Code   RO         3606    i.KEY_GetFlag       key.o
    0x08002b3c   0x08002b3c   0x00000108   Code   RO           15    i.KEY_Proc          main.o
    0x08002c44   0x08002c44   0x0000007c   Code   RO         3607    i.KEY_Scan          key.o
    0x08002cc0   0x08002cc0   0x0000002c   Code   RO         3643    i.LCD_BusIn         lcd.o
    0x08002cec   0x08002cec   0x00000030   Code   RO         3644    i.LCD_BusOut        lcd.o
    0x08002d1c   0x08002d1c   0x00000024   Code   RO         3645    i.LCD_Clear         lcd.o
    0x08002d40   0x08002d40   0x00000090   Code   RO         3647    i.LCD_CtrlLinesConfig  lcd.o
    0x08002dd0   0x08002dd0   0x00000018   Code   RO         3648    i.LCD_DisplayChar   lcd.o
    0x08002de8   0x08002de8   0x0000002a   Code   RO         3651    i.LCD_DisplayStringLine  lcd.o
    0x08002e12   0x08002e12   0x00000002   PAD
    0x08002e14   0x08002e14   0x00000058   Code   RO         3652    i.LCD_DrawChar      lcd.o
    0x08002e6c   0x08002e6c   0x00000034   Code   RO         3658    i.LCD_Init          lcd.o
    0x08002ea0   0x08002ea0   0x00000080   Code   RO         3661    i.LCD_ReadReg       lcd.o
    0x08002f20   0x08002f20   0x00000010   Code   RO         3662    i.LCD_SetBackColor  lcd.o
    0x08002f30   0x08002f30   0x00000018   Code   RO         3663    i.LCD_SetCursor     lcd.o
    0x08002f48   0x08002f48   0x00000010   Code   RO         3665    i.LCD_SetTextColor  lcd.o
    0x08002f58   0x08002f58   0x00000058   Code   RO         3668    i.LCD_WriteRAM      lcd.o
    0x08002fb0   0x08002fb0   0x0000005c   Code   RO         3669    i.LCD_WriteRAM_Prepare  lcd.o
    0x0800300c   0x0800300c   0x0000006c   Code   RO         3670    i.LCD_WriteReg      lcd.o
    0x08003078   0x08003078   0x0000004c   Code   RO           16    i.LED_Proc          main.o
    0x080030c4   0x080030c4   0x00000014   Code   RO         3848    i.LED_Reset         led.o
    0x080030d8   0x080030d8   0x00000014   Code   RO         3849    i.LED_Set           led.o
    0x080030ec   0x080030ec   0x00000034   Code   RO         3850    i.LED_Updata        led.o
    0x08003120   0x08003120   0x0000000c   Code   RO          501    i.LL_ADC_GetOffsetChannel  stm32g4xx_hal_adc.o
    0x0800312c   0x0800312c   0x00000008   Code   RO          502    i.LL_ADC_INJ_IsConversionOngoing  stm32g4xx_hal_adc.o
    0x08003134   0x08003134   0x00000008   Code   RO          503    i.LL_ADC_REG_IsConversionOngoing  stm32g4xx_hal_adc.o
    0x0800313c   0x0800313c   0x00000008   Code   RO          736    i.LL_ADC_REG_IsConversionOngoing  stm32g4xx_hal_adc_ex.o
    0x08003144   0x08003144   0x00000010   Code   RO          504    i.LL_ADC_REG_IsTriggerSourceSWStart  stm32g4xx_hal_adc.o
    0x08003154   0x08003154   0x0000001e   Code   RO          506    i.LL_ADC_SetChannelSamplingTime  stm32g4xx_hal_adc.o
    0x08003172   0x08003172   0x00000010   Code   RO          507    i.LL_ADC_SetOffsetState  stm32g4xx_hal_adc.o
    0x08003182   0x08003182   0x00000002   PAD
    0x08003184   0x08003184   0x00000090   Code   RO          264    i.MX_ADC1_Init      adc.o
    0x08003214   0x08003214   0x0000007c   Code   RO          265    i.MX_ADC2_Init      adc.o
    0x08003290   0x08003290   0x000000d4   Code   RO          238    i.MX_GPIO_Init      gpio.o
    0x08003364   0x08003364   0x00000094   Code   RO          314    i.MX_TIM2_Init      tim.o
    0x080033f8   0x080033f8   0x0000009c   Code   RO          315    i.MX_TIM3_Init      tim.o
    0x08003494   0x08003494   0x00000002   Code   RO          368    i.MemManage_Handler  stm32g4xx_it.o
    0x08003496   0x08003496   0x00000002   Code   RO          369    i.NMI_Handler       stm32g4xx_it.o
    0x08003498   0x08003498   0x00000060   Code   RO           17    i.PWM_Proc          main.o
    0x080034f8   0x080034f8   0x00000024   Code   RO         3956    i.PWM_Updata        pwmout.o
    0x0800351c   0x0800351c   0x00000002   Code   RO          370    i.PendSV_Handler    stm32g4xx_it.o
    0x0800351e   0x0800351e   0x00000112   Code   RO         3671    i.REG_8230_Init     lcd.o
    0x08003630   0x08003630   0x00000202   Code   RO         3672    i.REG_932X_Init     lcd.o
    0x08003832   0x08003832   0x00000002   Code   RO          371    i.SVC_Handler       stm32g4xx_it.o
    0x08003834   0x08003834   0x00000020   Code   RO          372    i.SysTick_Handler   stm32g4xx_it.o
    0x08003854   0x08003854   0x00000066   Code   RO           18    i.SystemClock_Config  main.o
    0x080038ba   0x080038ba   0x00000002   PAD
    0x080038bc   0x080038bc   0x00000010   Code   RO         3569    i.SystemInit        system_stm32g4xx.o
    0x080038cc   0x080038cc   0x0000000c   Code   RO          373    i.TIM2_IRQHandler   stm32g4xx_it.o
    0x080038d8   0x080038d8   0x000000bc   Code   RO         2518    i.TIM_Base_SetConfig  stm32g4xx_hal_tim.o
    0x08003994   0x08003994   0x0000001a   Code   RO         2519    i.TIM_CCxChannelCmd  stm32g4xx_hal_tim.o
    0x080039ae   0x080039ae   0x00000014   Code   RO         2529    i.TIM_ETR_SetConfig  stm32g4xx_hal_tim.o
    0x080039c2   0x080039c2   0x00000002   PAD
    0x080039c4   0x080039c4   0x00000014   Code   RO         2530    i.TIM_ITRx_SetConfig  stm32g4xx_hal_tim.o
    0x080039d8   0x080039d8   0x0000009c   Code   RO         2531    i.TIM_OC1_SetConfig  stm32g4xx_hal_tim.o
    0x08003a74   0x08003a74   0x00000090   Code   RO         2532    i.TIM_OC2_SetConfig  stm32g4xx_hal_tim.o
    0x08003b04   0x08003b04   0x00000090   Code   RO         2533    i.TIM_OC3_SetConfig  stm32g4xx_hal_tim.o
    0x08003b94   0x08003b94   0x00000090   Code   RO         2534    i.TIM_OC4_SetConfig  stm32g4xx_hal_tim.o
    0x08003c24   0x08003c24   0x00000070   Code   RO         2535    i.TIM_OC5_SetConfig  stm32g4xx_hal_tim.o
    0x08003c94   0x08003c94   0x00000070   Code   RO         2536    i.TIM_OC6_SetConfig  stm32g4xx_hal_tim.o
    0x08003d04   0x08003d04   0x00000048   Code   RO           19    i.TIM_Proc          main.o
    0x08003d4c   0x08003d4c   0x00000022   Code   RO         2538    i.TIM_TI1_ConfigInputStage  stm32g4xx_hal_tim.o
    0x08003d6e   0x08003d6e   0x00000002   PAD
    0x08003d70   0x08003d70   0x0000006c   Code   RO         2539    i.TIM_TI1_SetConfig  stm32g4xx_hal_tim.o
    0x08003ddc   0x08003ddc   0x00000024   Code   RO         2540    i.TIM_TI2_ConfigInputStage  stm32g4xx_hal_tim.o
    0x08003e00   0x08003e00   0x00000036   Code   RO         2541    i.TIM_TI2_SetConfig  stm32g4xx_hal_tim.o
    0x08003e36   0x08003e36   0x00000002   PAD
    0x08003e38   0x08003e38   0x00000240   Code   RO           20    i.UI_Proc           main.o
    0x08004078   0x08004078   0x00000002   Code   RO          374    i.UsageFault_Handler  stm32g4xx_it.o
    0x0800407a   0x0800407a   0x00000020   Code   RO         2296    i.__NVIC_SetPriority  stm32g4xx_hal_cortex.o
    0x0800409a   0x0800409a   0x0000000e   Code   RO         4007    i._is_digit         c_w.l(__printf_wp.o)
    0x080040a8   0x080040a8   0x00000080   Code   RO           21    i.main              main.o
    0x08004128   0x08004128   0x0000000a   Code   RO         4124    x$fpl$fpinit        fz_wm.l(fpinit.o)
    0x08004132   0x08004132   0x00000010   Data   RO         3570    .constdata          system_stm32g4xx.o
    0x08004142   0x08004142   0x000011d0   Data   RO         3673    .constdata          lcd.o
    0x08005312   0x08005312   0x00000011   Data   RO         4010    .constdata          c_w.l(__printf_flags_wp.o)
    0x08005323   0x08005323   0x00000001   PAD
    0x08005324   0x08005324   0x00000020   Data   RO         4192    Region$$Table       anon$$obj.o


    Execution Region RW_IRAM1 (Exec base: 0x20000000, Load base: 0x08005344, Size: 0x00000858, Max: 0x00008000, ABSOLUTE)

    Exec Addr    Load Addr    Size         Type   Attr      Idx    E Section Name        Object

    0x20000000   0x08005344   0x00000040   Data   RW           23    .data               main.o
    0x20000040   0x08005384   0x00000004   Data   RW          267    .data               adc.o
    0x20000044   0x08005388   0x0000000c   Data   RW          956    .data               stm32g4xx_hal.o
    0x20000050   0x08005394   0x00000004   Data   RW         3572    .data               system_stm32g4xx.o
    0x20000054   0x08005398   0x00000006   Data   RW         3674    .data               lcd.o
    0x2000005a   0x0800539e   0x00000001   Data   RW         3851    .data               led.o
    0x2000005b   0x0800539f   0x00000001   PAD
    0x2000005c   0x080053a0   0x00000004   Data   RW         3891    .data               myadc.o
    0x20000060   0x080053a4   0x00000004   Data   RW         3922    .data               pulsein.o
    0x20000064   0x080053a8   0x00000004   Data   RW         3957    .data               pwmout.o
    0x20000068        -       0x00000014   Zero   RW           22    .bss                main.o
    0x2000007c        -       0x000000d8   Zero   RW          266    .bss                adc.o
    0x20000154        -       0x00000098   Zero   RW          316    .bss                tim.o
    0x200001ec        -       0x0000000c   Zero   RW         3608    .bss                key.o
    0x200001f8        -       0x00000060   Zero   RW         4066    .bss                c_w.l(libspace.o)
    0x20000258        -       0x00000200   Zero   RW            2    HEAP                startup_stm32g431xx.o
    0x20000458        -       0x00000400   Zero   RW            1    STACK               startup_stm32g431xx.o


==============================================================================

Image component sizes


      Code (inc. data)   RO Data    RW Data    ZI Data      Debug   Object Name

       496         40          0          4        216       2618   adc.o
       212         16          0          0          0       1007   gpio.o
       140         16          0          0         12       1531   key.o
      1766         78       4560          6          0      11066   lcd.o
        92         20          0          1          0       1837   led.o
      1422        338          0         64         20     662476   main.o
        68         12          0          4          0        969   myadc.o
        40         12          0          4          0       1259   pulsein.o
        36         12          0          4          0        931   pwmout.o
        64         26        472          0       1536        836   startup_stm32g431xx.o
       162         24          0         12          0       4277   stm32g4xx_hal.o
      2436        136          0          0          0      79109   stm32g4xx_hal_adc.o
       372         18          0          0          0      69169   stm32g4xx_hal_adc_ex.o
       198         14          0          0          0      33791   stm32g4xx_hal_cortex.o
       604         34          0          0          0       2971   stm32g4xx_hal_gpio.o
        48          6          0          0          0        854   stm32g4xx_hal_msp.o
       204         18          0          0          0       1393   stm32g4xx_hal_pwr_ex.o
      1616         68          0          0          0       5046   stm32g4xx_hal_rcc.o
       648         10          0          0          0       1868   stm32g4xx_hal_rcc_ex.o
      3414        278          0          0          0      23105   stm32g4xx_hal_tim.o
       170         24          0          0          0       5368   stm32g4xx_hal_tim_ex.o
        60         14          0          0          0       4608   stm32g4xx_it.o
        16          4         16          4          0       1103   system_stm32g4xx.o
       524         34          0          0        152       3273   tim.o

    ----------------------------------------------------------------------
     14830       1252       5080        104       1936     920465   Object Totals
         0          0         32          0          0          0   (incl. Generated)
        22          0          0          1          0          0   (incl. Padding)

    ----------------------------------------------------------------------

      Code (inc. data)   RO Data    RW Data    ZI Data      Debug   Library Member Name

         8          0          0          0          0         68   __main.o
       312          4         17          0          0         92   __printf_flags_wp.o
        14          0          0          0          0         68   __printf_wp.o
         0          0          0          0          0          0   __rtentry.o
        12          0          0          0          0          0   __rtentry2.o
         6          0          0          0          0          0   __rtentry4.o
        52          8          0          0          0          0   __scatter.o
        26          0          0          0          0          0   __scatter_copy.o
        28          0          0          0          0          0   __scatter_zi.o
        44          0          0          0          0        108   _printf_char.o
        48          6          0          0          0         96   _printf_char_common.o
         6          0          0          0          0          0   _printf_d.o
       120         16          0          0          0         92   _printf_dec.o
       178          0          0          0          0         88   _printf_intcommon.o
        78          0          0          0          0        108   _printf_pad.o
         0          0          0          0          0          0   _printf_percent.o
         4          0          0          0          0          0   _printf_percent_end.o
         6          0          0          0          0          0   _printf_s.o
        82          0          0          0          0         80   _printf_str.o
        10          0          0          0          0         68   _sputc.o
        18          0          0          0          0         80   exit.o
         6          0          0          0          0        152   heapauxi.o
         0          0          0          0          0          0   indicate_semi.o
         2          0          0          0          0          0   libinit.o
         6          0          0          0          0          0   libinit2.o
         2          0          0          0          0          0   libshutdown.o
         2          0          0          0          0          0   libshutdown2.o
         8          4          0          0         96         68   libspace.o
        40          6          0          0          0         84   noretval__2sprintf.o
        78          0          0          0          0         80   rt_memclr_w.o
         2          0          0          0          0          0   rtexit.o
        10          0          0          0          0          0   rtexit2.o
        72          0          0          0          0         80   strcpy.o
        12          4          0          0          0         68   sys_exit.o
        74          0          0          0          0         80   sys_stackheap_outer.o
         2          0          0          0          0         68   use_no_semi.o
        10          0          0          0          0        116   fpinit.o

    ----------------------------------------------------------------------
      1388         48         18          0         96       1744   Library Totals
        10          0          1          0          0          0   (incl. Padding)

    ----------------------------------------------------------------------

      Code (inc. data)   RO Data    RW Data    ZI Data      Debug   Library Name

      1368         48         17          0         96       1628   c_w.l
        10          0          0          0          0        116   fz_wm.l

    ----------------------------------------------------------------------
      1388         48         18          0         96       1744   Library Totals

    ----------------------------------------------------------------------

==============================================================================


      Code (inc. data)   RO Data    RW Data    ZI Data      Debug   

     16218       1300       5098        104       2032     909529   Grand Totals
     16218       1300       5098        104       2032     909529   ELF Image Totals
     16218       1300       5098        104          0          0   ROM Totals

==============================================================================

    Total RO  Size (Code + RO Data)                21316 (  20.82kB)
    Total RW  Size (RW Data + ZI Data)              2136 (   2.09kB)
    Total ROM Size (Code + RO Data + RW Data)      21420 (  20.92kB)

==============================================================================

